Archive member included to satisfy reference by file (symbol)

/home/radipta/opt/gcc-arm-none-eabi-7-2017-q4-major/bin/../lib/gcc/arm-none-eabi/7.2.1/../../../../arm-none-eabi/lib/thumb/v7e-m/fpv4-sp/hard/libc_nano.a(lib_a-assert.o)
                              CMakeFiles/blinking_imx_demo_epit.dir/home/radipta/workspace/FreeRTOS_BSP_1.0.1_iMX6SX/examples/imx6sx_ai_m4/demo_apps/blinking_imx_demo/epit_timer.c.obj (__assert_func)
/home/radipta/opt/gcc-arm-none-eabi-7-2017-q4-major/bin/../lib/gcc/arm-none-eabi/7.2.1/../../../../arm-none-eabi/lib/thumb/v7e-m/fpv4-sp/hard/libc_nano.a(lib_a-exit.o)
                              /home/radipta/opt/gcc-arm-none-eabi-7-2017-q4-major/bin/../lib/gcc/arm-none-eabi/7.2.1/../../../../arm-none-eabi/lib/thumb/v7e-m/fpv4-sp/hard/crt0.o (exit)
/home/radipta/opt/gcc-arm-none-eabi-7-2017-q4-major/bin/../lib/gcc/arm-none-eabi/7.2.1/../../../../arm-none-eabi/lib/thumb/v7e-m/fpv4-sp/hard/libc_nano.a(lib_a-fprintf.o)
                              /home/radipta/opt/gcc-arm-none-eabi-7-2017-q4-major/bin/../lib/gcc/arm-none-eabi/7.2.1/../../../../arm-none-eabi/lib/thumb/v7e-m/fpv4-sp/hard/libc_nano.a(lib_a-assert.o) (fiprintf)
/home/radipta/opt/gcc-arm-none-eabi-7-2017-q4-major/bin/../lib/gcc/arm-none-eabi/7.2.1/../../../../arm-none-eabi/lib/thumb/v7e-m/fpv4-sp/hard/libc_nano.a(lib_a-impure.o)
                              /home/radipta/opt/gcc-arm-none-eabi-7-2017-q4-major/bin/../lib/gcc/arm-none-eabi/7.2.1/../../../../arm-none-eabi/lib/thumb/v7e-m/fpv4-sp/hard/libc_nano.a(lib_a-exit.o) (_global_impure_ptr)
/home/radipta/opt/gcc-arm-none-eabi-7-2017-q4-major/bin/../lib/gcc/arm-none-eabi/7.2.1/../../../../arm-none-eabi/lib/thumb/v7e-m/fpv4-sp/hard/libc_nano.a(lib_a-init.o)
                              /home/radipta/opt/gcc-arm-none-eabi-7-2017-q4-major/bin/../lib/gcc/arm-none-eabi/7.2.1/../../../../arm-none-eabi/lib/thumb/v7e-m/fpv4-sp/hard/crt0.o (__libc_init_array)
/home/radipta/opt/gcc-arm-none-eabi-7-2017-q4-major/bin/../lib/gcc/arm-none-eabi/7.2.1/../../../../arm-none-eabi/lib/thumb/v7e-m/fpv4-sp/hard/libc_nano.a(lib_a-malloc.o)
                              CMakeFiles/blinking_imx_demo_epit.dir/home/radipta/workspace/FreeRTOS_BSP_1.0.1_iMX6SX/rtos/FreeRTOS/Source/portable/MemMang/heap_3.c.obj (malloc)
/home/radipta/opt/gcc-arm-none-eabi-7-2017-q4-major/bin/../lib/gcc/arm-none-eabi/7.2.1/../../../../arm-none-eabi/lib/thumb/v7e-m/fpv4-sp/hard/libc_nano.a(lib_a-memcpy-stub.o)
                              CMakeFiles/blinking_imx_demo_epit.dir/home/radipta/workspace/FreeRTOS_BSP_1.0.1_iMX6SX/rtos/FreeRTOS/Source/Queue_TLSF.c.obj (memcpy)
/home/radipta/opt/gcc-arm-none-eabi-7-2017-q4-major/bin/../lib/gcc/arm-none-eabi/7.2.1/../../../../arm-none-eabi/lib/thumb/v7e-m/fpv4-sp/hard/libc_nano.a(lib_a-memset.o)
                              /home/radipta/opt/gcc-arm-none-eabi-7-2017-q4-major/bin/../lib/gcc/arm-none-eabi/7.2.1/../../../../arm-none-eabi/lib/thumb/v7e-m/fpv4-sp/hard/crt0.o (memset)
/home/radipta/opt/gcc-arm-none-eabi-7-2017-q4-major/bin/../lib/gcc/arm-none-eabi/7.2.1/../../../../arm-none-eabi/lib/thumb/v7e-m/fpv4-sp/hard/libc_nano.a(lib_a-nano-freer.o)
                              /home/radipta/opt/gcc-arm-none-eabi-7-2017-q4-major/bin/../lib/gcc/arm-none-eabi/7.2.1/../../../../arm-none-eabi/lib/thumb/v7e-m/fpv4-sp/hard/libc_nano.a(lib_a-malloc.o) (_free_r)
/home/radipta/opt/gcc-arm-none-eabi-7-2017-q4-major/bin/../lib/gcc/arm-none-eabi/7.2.1/../../../../arm-none-eabi/lib/thumb/v7e-m/fpv4-sp/hard/libc_nano.a(lib_a-nano-mallocr.o)
                              /home/radipta/opt/gcc-arm-none-eabi-7-2017-q4-major/bin/../lib/gcc/arm-none-eabi/7.2.1/../../../../arm-none-eabi/lib/thumb/v7e-m/fpv4-sp/hard/libc_nano.a(lib_a-malloc.o) (_malloc_r)
/home/radipta/opt/gcc-arm-none-eabi-7-2017-q4-major/bin/../lib/gcc/arm-none-eabi/7.2.1/../../../../arm-none-eabi/lib/thumb/v7e-m/fpv4-sp/hard/libc_nano.a(lib_a-nano-vfprintf.o)
                              /home/radipta/opt/gcc-arm-none-eabi-7-2017-q4-major/bin/../lib/gcc/arm-none-eabi/7.2.1/../../../../arm-none-eabi/lib/thumb/v7e-m/fpv4-sp/hard/libc_nano.a(lib_a-fprintf.o) (_vfprintf_r)
/home/radipta/opt/gcc-arm-none-eabi-7-2017-q4-major/bin/../lib/gcc/arm-none-eabi/7.2.1/../../../../arm-none-eabi/lib/thumb/v7e-m/fpv4-sp/hard/libc_nano.a(lib_a-nano-vfprintf_i.o)
                              /home/radipta/opt/gcc-arm-none-eabi-7-2017-q4-major/bin/../lib/gcc/arm-none-eabi/7.2.1/../../../../arm-none-eabi/lib/thumb/v7e-m/fpv4-sp/hard/libc_nano.a(lib_a-nano-vfprintf.o) (_printf_i)
/home/radipta/opt/gcc-arm-none-eabi-7-2017-q4-major/bin/../lib/gcc/arm-none-eabi/7.2.1/../../../../arm-none-eabi/lib/thumb/v7e-m/fpv4-sp/hard/libc_nano.a(lib_a-sbrkr.o)
                              /home/radipta/opt/gcc-arm-none-eabi-7-2017-q4-major/bin/../lib/gcc/arm-none-eabi/7.2.1/../../../../arm-none-eabi/lib/thumb/v7e-m/fpv4-sp/hard/libc_nano.a(lib_a-nano-mallocr.o) (_sbrk_r)
[...]
Memory Configuration

Name             Origin             Length             Attributes
m_interrupts     0x000000001fff8000 0x0000000000000240 xr
m_text           0x000000001fff8240 0x0000000000007dc0 xr
m_data           0x0000000020000000 0x0000000000008000 rw
*default*        0x0000000000000000 0xffffffffffffffff

Linker script and memory map

LOAD /home/radipta/opt/gcc-arm-none-eabi-7-2017-q4-major/bin/../lib/gcc/arm-none-eabi/7.2.1/thumb/v7e-m/fpv4-sp/hard/crti.o
LOAD /home/radipta/opt/gcc-arm-none-eabi-7-2017-q4-major/bin/../lib/gcc/arm-none-eabi/7.2.1/thumb/v7e-m/fpv4-sp/hard/crtbegin.o
LOAD /home/radipta/opt/gcc-arm-none-eabi-7-2017-q4-major/bin/../lib/gcc/arm-none-eabi/7.2.1/../../../../arm-none-eabi/lib/thumb/v7e-m/fpv4-sp/hard/crt0.o
LOAD /home/radipta/opt/gcc-arm-none-eabi-7-2017-q4-major/bin/../lib/gcc/arm-none-eabi/7.2.1/../../../../arm-none-eabi/lib/thumb/v7e-m/fpv4-sp/hard/libm.a
LOAD CMakeFiles/blinking_imx_demo_epit.dir/home/radipta/workspace/FreeRTOS_BSP_1.0.1_iMX6SX/rtos/FreeRTOS/Source/portable/GCC/ARM_CM4F/port.c.obj
LOAD CMakeFiles/blinking_imx_demo_epit.dir/home/radipta/workspace/FreeRTOS_BSP_1.0.1_iMX6SX/platform/devices/MCIMX6X/startup/gcc/startup_MCIMX6X_M4.S.obj
LOAD CMakeFiles/blinking_imx_demo_epit.dir/home/radipta/workspace/FreeRTOS_BSP_1.0.1_iMX6SX/examples/imx6sx_ai_m4/demo_apps/blinking_imx_demo/Task1.c.obj
LOAD CMakeFiles/blinking_imx_demo_epit.dir/home/radipta/workspace/FreeRTOS_BSP_1.0.1_iMX6SX/examples/imx6sx_ai_m4/demo_apps/blinking_imx_demo/Task2.c.obj
LOAD CMakeFiles/blinking_imx_demo_epit.dir/home/radipta/workspace/FreeRTOS_BSP_1.0.1_iMX6SX/examples/imx6sx_ai_m4/demo_apps/blinking_imx_demo/Task3.c.obj
LOAD CMakeFiles/blinking_imx_demo_epit.dir/home/radipta/workspace/FreeRTOS_BSP_1.0.1_iMX6SX/examples/imx6sx_ai_m4/demo_apps/blinking_imx_demo/Task4.c.obj
LOAD CMakeFiles/blinking_imx_demo_epit.dir/home/radipta/workspace/FreeRTOS_BSP_1.0.1_iMX6SX/rtos/FreeRTOS/Source/include/kirimtext.c.obj
LOAD CMakeFiles/blinking_imx_demo_epit.dir/home/radipta/workspace/FreeRTOS_BSP_1.0.1_iMX6SX/rtos/FreeRTOS/Source/portable/MemMang/heap_tlsf.c.obj
LOAD CMakeFiles/blinking_imx_demo_epit.dir/home/radipta/workspace/FreeRTOS_BSP_1.0.1_iMX6SX/rtos/FreeRTOS/Source/portable/MemMang/heap_3.c.obj
LOAD CMakeFiles/blinking_imx_demo_epit.dir/home/radipta/workspace/FreeRTOS_BSP_1.0.1_iMX6SX/rtos/FreeRTOS/Source/Queue_TLSF.c.obj
LOAD CMakeFiles/blinking_imx_demo_epit.dir/home/radipta/workspace/FreeRTOS_BSP_1.0.1_iMX6SX/rtos/FreeRTOS/Source/Semaphore_TLSF.c.obj
LOAD CMakeFiles/blinking_imx_demo_epit.dir/home/radipta/workspace/FreeRTOS_BSP_1.0.1_iMX6SX/examples/imx6sx_ai_m4/demo_apps/blinking_imx_demo/main.c.obj
LOAD CMakeFiles/blinking_imx_demo_epit.dir/home/radipta/workspace/FreeRTOS_BSP_1.0.1_iMX6SX/examples/imx6sx_ai_m4/demo_apps/blinking_imx_demo/epit_timer.c.obj
LOAD CMakeFiles/blinking_imx_demo_epit.dir/home/radipta/workspace/FreeRTOS_BSP_1.0.1_iMX6SX/examples/imx6sx_ai_m4/demo_apps/blinking_imx_demo/gpio_ctrl.c.obj
LOAD CMakeFiles/blinking_imx_demo_epit.dir/home/radipta/workspace/FreeRTOS_BSP_1.0.1_iMX6SX/platform/drivers/src/gpio_imx.c.obj
LOAD CMakeFiles/blinking_imx_demo_epit.dir/home/radipta/workspace/FreeRTOS_BSP_1.0.1_iMX6SX/platform/drivers/src/epit.c.obj
LOAD CMakeFiles/blinking_imx_demo_epit.dir/home/radipta/workspace/FreeRTOS_BSP_1.0.1_iMX6SX/platform/drivers/src/rdc_semaphore.c.obj
LOAD CMakeFiles/blinking_imx_demo_epit.dir/home/radipta/workspace/FreeRTOS_BSP_1.0.1_iMX6SX/platform/drivers/src/uart_imx.c.obj
LOAD CMakeFiles/blinking_imx_demo_epit.dir/home/radipta/workspace/FreeRTOS_BSP_1.0.1_iMX6SX/rtos/FreeRTOS/Source/croutine.c.obj
LOAD CMakeFiles/blinking_imx_demo_epit.dir/home/radipta/workspace/FreeRTOS_BSP_1.0.1_iMX6SX/rtos/FreeRTOS/Source/event_groups.c.obj
LOAD CMakeFiles/blinking_imx_demo_epit.dir/home/radipta/workspace/FreeRTOS_BSP_1.0.1_iMX6SX/rtos/FreeRTOS/Source/list.c.obj
LOAD CMakeFiles/blinking_imx_demo_epit.dir/home/radipta/workspace/FreeRTOS_BSP_1.0.1_iMX6SX/rtos/FreeRTOS/Source/queue.c.obj
LOAD CMakeFiles/blinking_imx_demo_epit.dir/home/radipta/workspace/FreeRTOS_BSP_1.0.1_iMX6SX/rtos/FreeRTOS/Source/tasks.c.obj
LOAD CMakeFiles/blinking_imx_demo_epit.dir/home/radipta/workspace/FreeRTOS_BSP_1.0.1_iMX6SX/rtos/FreeRTOS/Source/timers.c.obj
LOAD CMakeFiles/blinking_imx_demo_epit.dir/home/radipta/workspace/FreeRTOS_BSP_1.0.1_iMX6SX/platform/drivers/src/ccm_analog_imx6sx.c.obj
LOAD CMakeFiles/blinking_imx_demo_epit.dir/home/radipta/workspace/FreeRTOS_BSP_1.0.1_iMX6SX/platform/drivers/src/ccm_imx6sx.c.obj
LOAD CMakeFiles/blinking_imx_demo_epit.dir/home/radipta/workspace/FreeRTOS_BSP_1.0.1_iMX6SX/platform/drivers/src/lmem.c.obj
LOAD CMakeFiles/blinking_imx_demo_epit.dir/home/radipta/workspace/FreeRTOS_BSP_1.0.1_iMX6SX/platform/drivers/src/rdc.c.obj
LOAD CMakeFiles/blinking_imx_demo_epit.dir/home/radipta/workspace/FreeRTOS_BSP_1.0.1_iMX6SX/platform/drivers/src/wdog_imx.c.obj
LOAD CMakeFiles/blinking_imx_demo_epit.dir/home/radipta/workspace/FreeRTOS_BSP_1.0.1_iMX6SX/platform/utilities/src/debug_console_imx.c.obj
LOAD CMakeFiles/blinking_imx_demo_epit.dir/home/radipta/workspace/FreeRTOS_BSP_1.0.1_iMX6SX/platform/utilities/src/print_scan.c.obj
LOAD CMakeFiles/blinking_imx_demo_epit.dir/home/radipta/workspace/FreeRTOS_BSP_1.0.1_iMX6SX/platform/devices/MCIMX6X/startup/system_MCIMX6X_M4.c.obj
LOAD CMakeFiles/blinking_imx_demo_epit.dir/home/radipta/workspace/FreeRTOS_BSP_1.0.1_iMX6SX/examples/imx6sx_ai_m4/pin_mux.c.obj
LOAD CMakeFiles/blinking_imx_demo_epit.dir/home/radipta/workspace/FreeRTOS_BSP_1.0.1_iMX6SX/examples/imx6sx_ai_m4/board.c.obj
LOAD CMakeFiles/blinking_imx_demo_epit.dir/home/radipta/workspace/FreeRTOS_BSP_1.0.1_iMX6SX/examples/imx6sx_ai_m4/clock_freq.c.obj
LOAD CMakeFiles/blinking_imx_demo_epit.dir/home/radipta/workspace/FreeRTOS_BSP_1.0.1_iMX6SX/examples/imx6sx_ai_m4/demo_apps/blinking_imx_demo/hardware_init.c.obj
LOAD CMakeFiles/blinking_imx_demo_epit.dir/home/radipta/workspace/FreeRTOS_BSP_1.0.1_iMX6SX/examples/imx6sx_ai_m4/gpio_pins.c.obj
START GROUP
LOAD /home/radipta/opt/gcc-arm-none-eabi-7-2017-q4-major/bin/../lib/gcc/arm-none-eabi/7.2.1/../../../../arm-none-eabi/lib/thumb/v7e-m/fpv4-sp/hard/libm.a
LOAD /home/radipta/opt/gcc-arm-none-eabi-7-2017-q4-major/bin/../lib/gcc/arm-none-eabi/7.2.1/../../../../arm-none-eabi/lib/thumb/v7e-m/fpv4-sp/hard/libc_nano.a
LOAD /home/radipta/opt/gcc-arm-none-eabi-7-2017-q4-major/bin/../lib/gcc/arm-none-eabi/7.2.1/thumb/v7e-m/fpv4-sp/hard/libgcc.a
LOAD /home/radipta/opt/gcc-arm-none-eabi-7-2017-q4-major/bin/../lib/gcc/arm-none-eabi/7.2.1/../../../../arm-none-eabi/lib/thumb/v7e-m/fpv4-sp/hard/libnosys.a
END GROUP
START GROUP
LOAD /home/radipta/opt/gcc-arm-none-eabi-7-2017-q4-major/bin/../lib/gcc/arm-none-eabi/7.2.1/thumb/v7e-m/fpv4-sp/hard/libgcc.a
LOAD /home/radipta/opt/gcc-arm-none-eabi-7-2017-q4-major/bin/../lib/gcc/arm-none-eabi/7.2.1/../../../../arm-none-eabi/lib/thumb/v7e-m/fpv4-sp/hard/libg_nano.a
LOAD /home/radipta/opt/gcc-arm-none-eabi-7-2017-q4-major/bin/../lib/gcc/arm-none-eabi/7.2.1/../../../../arm-none-eabi/lib/thumb/v7e-m/fpv4-sp/hard/libc_nano.a
END GROUP
START GROUP
LOAD /home/radipta/opt/gcc-arm-none-eabi-7-2017-q4-major/bin/../lib/gcc/arm-none-eabi/7.2.1/thumb/v7e-m/fpv4-sp/hard/libgcc.a
LOAD /home/radipta/opt/gcc-arm-none-eabi-7-2017-q4-major/bin/../lib/gcc/arm-none-eabi/7.2.1/../../../../arm-none-eabi/lib/thumb/v7e-m/fpv4-sp/hard/libc_nano.a
END GROUP
LOAD /home/radipta/opt/gcc-arm-none-eabi-7-2017-q4-major/bin/../lib/gcc/arm-none-eabi/7.2.1/thumb/v7e-m/fpv4-sp/hard/crtend.o
LOAD /home/radipta/opt/gcc-arm-none-eabi-7-2017-q4-major/bin/../lib/gcc/arm-none-eabi/7.2.1/thumb/v7e-m/fpv4-sp/hard/crtn.o
                0x0000000000000400                HEAP_SIZE = DEFINED (__heap_size__)?__heap_size__:0x400
                0x0000000000000400                STACK_SIZE = DEFINED (__stack_size__)?__stack_size__:0x400

.interrupts     0x000000001fff8000      0x240
                0x000000001fff8000                __VECTOR_TABLE = .
                0x000000001fff8000                . = ALIGN (0x4)
 *(.isr_vector)
 .isr_vector    0x000000001fff8000      0x240 CMakeFiles/blinking_imx_demo_epit.dir/home/radipta/workspace/FreeRTOS_BSP_1.0.1_iMX6SX/platform/devices/MCIMX6X/startup/gcc/startup_MCIMX6X_M4.S.obj
                0x000000001fff8000                __isr_vector
                0x000000001fff8240                . = ALIGN (0x4)

.text           0x000000001fff8240     0x666c
                0x000000001fff8240                . = ALIGN (0x4)
 *(.text)
 .text          0x000000001fff8240       0x40 /home/radipta/opt/gcc-arm-none-eabi-7-2017-q4-major/bin/../lib/gcc/arm-none-eabi/7.2.1/thumb/v7e-m/fpv4-sp/hard/crtbegin.o
 .text          0x000000001fff8280       0x74 /home/radipta/opt/gcc-arm-none-eabi-7-2017-q4-major/bin/../lib/gcc/arm-none-eabi/7.2.1/../../../../arm-none-eabi/lib/thumb/v7e-m/fpv4-sp/hard/crt0.o
                0x000000001fff8280                _mainCRTStartup
                0x000000001fff8280                _start
 .text          0x000000001fff82f4       0x30 CMakeFiles/blinking_imx_demo_epit.dir/home/radipta/workspace/FreeRTOS_BSP_1.0.1_iMX6SX/platform/devices/MCIMX6X/startup/gcc/startup_MCIMX6X_M4.S.obj
                0x000000001fff82f4                Reset_Handler
                0x000000001fff8320                GPIO6_Combined_0_15_Handler
                0x000000001fff8320                DebugMon_Handler
                0x000000001fff8320                eCSPI4_Handler
                0x000000001fff8320                FLEXCAN1_Handler
                0x000000001fff8320                UART3_Handler
                0x000000001fff8320                SNVS_Consolidated_Handler
                0x000000001fff8320                UART2_Handler
                0x000000001fff8320                GPIO1_INT3_Handler
                0x000000001fff8320                HardFault_Handler
                0x000000001fff8320                QSPI1_Handler
                0x000000001fff8320                SRC_Handler
                0x000000001fff8320                CCM2_Handler
                0x000000001fff8320                I2C1_Handler
                0x000000001fff8320                NMI_Handler
                0x000000001fff8320                SAI1_Handler
                0x000000001fff8320                KPP_Handler
                0x000000001fff8320                USB_OTG1_Handler
                0x000000001fff8320                CPU_Perfomance_Handler
                0x000000001fff8320                ENET1_Timer_Handler
                0x000000001fff8320                MLB_Channels_31_0_Handler
                0x000000001fff8320                LCDIF2_Handler
                0x000000001fff8320                PWM2_PWM6_Handler
                0x000000001fff8320                EPIT2_Handler
                0x000000001fff8320                SSI1_Handler
                0x000000001fff8320                Reserved129_Handler
                0x000000001fff8320                uSDHC2_Handler
                0x000000001fff8320                GPIO1_INT6_Handler
                0x000000001fff8320                CORTEX_M4_Handler
                0x000000001fff8320                DCIC1_Handler
                0x000000001fff8320                GPIO2_Combined_0_15_Handler
                0x000000001fff8320                RDC_Handler
                0x000000001fff8320                PXP_Handler
                0x000000001fff8320                GPIO3_Combined_16_31_Handler
                0x000000001fff8320                CCM1_Handler
                0x000000001fff8320                Reserved19_Handler
                0x000000001fff8320                UsageFault_Handler
                0x000000001fff8320                ADC1_Handler
                0x000000001fff8320                CPU_CTI_Trigger_Handler
                0x000000001fff8320                GPIO1_INT0_Handler
                0x000000001fff8320                PCIe4_Handler
                0x000000001fff8320                DefaultISR
                0x000000001fff8320                WDOG3_Handler
                0x000000001fff8320                SAI2_Handler
                0x000000001fff8320                PWM3_PWM7_Handler
                0x000000001fff8320                ENET2_Timer_Handler
                0x000000001fff8320                eCSPI1_Handler
                0x000000001fff8320                CSI1_Handler
                0x000000001fff8320                SJC_Handler
                0x000000001fff8320                GPC_Handler
                0x000000001fff8320                MLB_Error_Handler
                0x000000001fff8320                PWM1_PWM5_Handler
                0x000000001fff8320                Reserved128_Handler
                0x000000001fff8320                SRC_WDOG_Handler
                0x000000001fff8320                UART1_Handler
                0x000000001fff8320                SSI2_Handler
                0x000000001fff8320                eCSPI3_Handler
                0x000000001fff8320                BCH_Handler
                0x000000001fff8320                PMU_BrownOutCore_Handler
                0x000000001fff8320                CAAM0_Handler
                0x000000001fff8320                ASRC_Handler
                0x000000001fff8320                CPU_L2_Handler
                0x000000001fff8320                USB_HISC_Handler
                0x000000001fff8320                LCDIF1_Handler
                0x000000001fff8320                GPIO4_Combined_16_31_Handler
                0x000000001fff8320                GPMI_Handler
                0x000000001fff8320                GPIO5_Combined_0_15_Handler
                0x000000001fff8320                SSI3_Handler
                0x000000001fff8320                I2C4_Handler
                0x000000001fff8320                CANFD1_Handler
                0x000000001fff8320                Reserved25_Handler
                0x000000001fff8320                TZASC_Handler
                0x000000001fff8320                UART4_Handler
                0x000000001fff8320                GPIO1_INT1_Handler
                0x000000001fff8320                uSDHC3_Handler
                0x000000001fff8320                EIM_Handler
                0x000000001fff8320                UART6_Handler
                0x000000001fff8320                PCIe2_Handler
                0x000000001fff8320                GPIO1_INT4_Handler
                0x000000001fff8320                MLB_Channels_63_32_Handler
                0x000000001fff8320                GPIO7_Combined_16_31_Handler
                0x000000001fff8320                GPIO6_Combined_16_31_Handler
                0x000000001fff8320                GPIO2_Combined_16_31_Handler
                0x000000001fff8320                DCIC2_Handler
                0x000000001fff8320                PWM4_PWM8_Handler
                0x000000001fff8320                uSDHC1_Handler
                0x000000001fff8320                QSPI2_Handler
                0x000000001fff8320                CPU_Parity_Handler
                0x000000001fff8320                SDMA_Handler
                0x000000001fff8320                ENET2_Handler
                0x000000001fff8320                MemManage_Handler
                0x000000001fff8320                I2C2_Handler
                0x000000001fff8320                GPIO5_Combined_16_31_Handler
                0x000000001fff8320                MU_A9_Handler
                0x000000001fff8320                DAP_Handler
                0x000000001fff8320                CSI2_Handler
                0x000000001fff8320                eCSPI2_Handler
                0x000000001fff8320                WDOG2_Handler
                0x000000001fff8320                FLEXCAN2_Handler
                0x000000001fff8320                SEMA4_CP0_Handler
                0x000000001fff8320                USB_PHY_UTMI1_Handler
                0x000000001fff8320                GPT_Handler
                0x000000001fff8320                GPIO7_Combined_0_15_Handler
                0x000000001fff8320                APBH_DMA_Handler
                0x000000001fff8320                SEMA4_CP1_Handler
                0x000000001fff8320                PCIe3_Handler
                0x000000001fff8320                GPIO1_INT5_Handler
                0x000000001fff8320                SNVS_Security_Handler
                0x000000001fff8320                GPIO1_Combined_0_15_Handler
                0x000000001fff8320                GPIO1_INT2_Handler
                0x000000001fff8320                UART5_Handler
                0x000000001fff8320                PCIe1_Handler
                0x000000001fff8320                GPIO1_INT7_Handler
                0x000000001fff8320                I2C3_Handler
                0x000000001fff8320                eCSPI5_Handler
                0x000000001fff8320                uSDHC4_Handler
                0x000000001fff8320                CSU_Handler
                0x000000001fff8320                GPU_Handler
                0x000000001fff8320                GPIO4_Combined_0_15_Handler
                0x000000001fff8320                CAAM1_Handler
                0x000000001fff8320                GPIO1_Combined_16_31_Handler
                0x000000001fff8320                CANFD2_Handler
                0x000000001fff8320                USB_OTG2_Handler
                0x000000001fff8320                SPDIF_Handler
                0x000000001fff8320                GPIO3_Combined_0_15_Handler
                0x000000001fff8320                BusFault_Handler
                0x000000001fff8320                MU_M4_Handler
                0x000000001fff8320                SNVS_PMIC_Handler
                0x000000001fff8320                USB_PHY_UTMI0_Handler
                0x000000001fff8320                ESAI_Handler
                0x000000001fff8320                PMU_BrownOut_Handler
                0x000000001fff8320                TEMPMON_Handler
                0x000000001fff8320                WDOG1_Handler
                0x000000001fff8320                ADC2_Handler
                0x000000001fff8320                ENET1_Handler
 .text          0x000000001fff8324       0x10 /home/radipta/opt/gcc-arm-none-eabi-7-2017-q4-major/bin/../lib/gcc/arm-none-eabi/7.2.1/../../../../arm-none-eabi/lib/thumb/v7e-m/fpv4-sp/hard/libc_nano.a(lib_a-strlen.o)
                0x000000001fff8324                strlen
 *fill*         0x000000001fff8334        0xc 
 .text          0x000000001fff8340       0xa0 /home/radipta/opt/gcc-arm-none-eabi-7-2017-q4-major/bin/../lib/gcc/arm-none-eabi/7.2.1/../../../../arm-none-eabi/lib/thumb/v7e-m/fpv4-sp/hard/libc_nano.a(lib_a-memchr.o)
                0x000000001fff8340                memchr
 *(.text*)
 .text.pxPortInitialiseStack
                0x000000001fff83e0       0x64 CMakeFiles/blinking_imx_demo_epit.dir/home/radipta/workspace/FreeRTOS_BSP_1.0.1_iMX6SX/rtos/FreeRTOS/Source/portable/GCC/ARM_CM4F/port.c.obj
                0x000000001fff83e0                pxPortInitialiseStack
 .text.prvTaskExitError
                0x000000001fff8444       0x20 CMakeFiles/blinking_imx_demo_epit.dir/home/radipta/workspace/FreeRTOS_BSP_1.0.1_iMX6SX/rtos/FreeRTOS/Source/portable/GCC/ARM_CM4F/port.c.obj
 .text.SVC_Handler
                0x000000001fff8464       0x24 CMakeFiles/blinking_imx_demo_epit.dir/home/radipta/workspace/FreeRTOS_BSP_1.0.1_iMX6SX/rtos/FreeRTOS/Source/portable/GCC/ARM_CM4F/port.c.obj
                0x000000001fff8464                SVC_Handler
 .text.prvPortStartFirstTask
                0x000000001fff8488       0x20 CMakeFiles/blinking_imx_demo_epit.dir/home/radipta/workspace/FreeRTOS_BSP_1.0.1_iMX6SX/rtos/FreeRTOS/Source/portable/GCC/ARM_CM4F/port.c.obj
 .text.xPortStartScheduler
                0x000000001fff84a8       0xd0 CMakeFiles/blinking_imx_demo_epit.dir/home/radipta/workspace/FreeRTOS_BSP_1.0.1_iMX6SX/rtos/FreeRTOS/Source/portable/GCC/ARM_CM4F/port.c.obj
                0x000000001fff84a8                xPortStartScheduler
 .text.vPortYield
                0x000000001fff8578       0x24 CMakeFiles/blinking_imx_demo_epit.dir/home/radipta/workspace/FreeRTOS_BSP_1.0.1_iMX6SX/rtos/FreeRTOS/Source/portable/GCC/ARM_CM4F/port.c.obj
                0x000000001fff8578                vPortYield
 .text.vPortEnterCritical
                0x000000001fff859c       0x24 CMakeFiles/blinking_imx_demo_epit.dir/home/radipta/workspace/FreeRTOS_BSP_1.0.1_iMX6SX/rtos/FreeRTOS/Source/portable/GCC/ARM_CM4F/port.c.obj
                0x000000001fff859c                vPortEnterCritical
 .text.vPortExitCritical
                0x000000001fff85c0       0x34 CMakeFiles/blinking_imx_demo_epit.dir/home/radipta/workspace/FreeRTOS_BSP_1.0.1_iMX6SX/rtos/FreeRTOS/Source/portable/GCC/ARM_CM4F/port.c.obj
                0x000000001fff85c0                vPortExitCritical
 .text.ulPortSetInterruptMask
                0x000000001fff85f4       0x12 CMakeFiles/blinking_imx_demo_epit.dir/home/radipta/workspace/FreeRTOS_BSP_1.0.1_iMX6SX/rtos/FreeRTOS/Source/portable/GCC/ARM_CM4F/port.c.obj
                0x000000001fff85f4                ulPortSetInterruptMask
 .text.vPortClearInterruptMask
                0x000000001fff8606        0x8 CMakeFiles/blinking_imx_demo_epit.dir/home/radipta/workspace/FreeRTOS_BSP_1.0.1_iMX6SX/rtos/FreeRTOS/Source/portable/GCC/ARM_CM4F/port.c.obj
                0x000000001fff8606                vPortClearInterruptMask
 *fill*         0x000000001fff860e        0x2 
 .text.PendSV_Handler
                0x000000001fff8610       0x5c CMakeFiles/blinking_imx_demo_epit.dir/home/radipta/workspace/FreeRTOS_BSP_1.0.1_iMX6SX/rtos/FreeRTOS/Source/portable/GCC/ARM_CM4F/port.c.obj
                0x000000001fff8610                PendSV_Handler
 .text.SysTick_Handler
                0x000000001fff866c       0x28 CMakeFiles/blinking_imx_demo_epit.dir/home/radipta/workspace/FreeRTOS_BSP_1.0.1_iMX6SX/rtos/FreeRTOS/Source/portable/GCC/ARM_CM4F/port.c.obj
                0x000000001fff866c                SysTick_Handler
 .text.vPortSetupTimerInterrupt
                0x000000001fff8694       0x28 CMakeFiles/blinking_imx_demo_epit.dir/home/radipta/workspace/FreeRTOS_BSP_1.0.1_iMX6SX/rtos/FreeRTOS/Source/portable/GCC/ARM_CM4F/port.c.obj
                0x000000001fff8694                vPortSetupTimerInterrupt
 .text.vPortEnableVFP
                0x000000001fff86bc       0x14 CMakeFiles/blinking_imx_demo_epit.dir/home/radipta/workspace/FreeRTOS_BSP_1.0.1_iMX6SX/rtos/FreeRTOS/Source/portable/GCC/ARM_CM4F/port.c.obj
 .text.vPortValidateInterruptPriority
                0x000000001fff86d0       0x5c CMakeFiles/blinking_imx_demo_epit.dir/home/radipta/workspace/FreeRTOS_BSP_1.0.1_iMX6SX/rtos/FreeRTOS/Source/portable/GCC/ARM_CM4F/port.c.obj
                0x000000001fff86d0                vPortValidateInterruptPriority
 .text.Init_Task1
                0x000000001fff872c       0x3c CMakeFiles/blinking_imx_demo_epit.dir/home/radipta/workspace/FreeRTOS_BSP_1.0.1_iMX6SX/examples/imx6sx_ai_m4/demo_apps/blinking_imx_demo/Task1.c.obj
                0x000000001fff872c                Init_Task1
 .text.Task1    0x000000001fff8768       0xec CMakeFiles/blinking_imx_demo_epit.dir/home/radipta/workspace/FreeRTOS_BSP_1.0.1_iMX6SX/examples/imx6sx_ai_m4/demo_apps/blinking_imx_demo/Task1.c.obj
                0x000000001fff8768                Task1
 .text.TLSF_init
                0x000000001fff8854      0x29c CMakeFiles/blinking_imx_demo_epit.dir/home/radipta/workspace/FreeRTOS_BSP_1.0.1_iMX6SX/rtos/FreeRTOS/Source/portable/MemMang/heap_tlsf.c.obj
                0x000000001fff8854                TLSF_init
 .text.Malloc_TLSF
                0x000000001fff8af0      0x6a8 CMakeFiles/blinking_imx_demo_epit.dir/home/radipta/workspace/FreeRTOS_BSP_1.0.1_iMX6SX/rtos/FreeRTOS/Source/portable/MemMang/heap_tlsf.c.obj
                0x000000001fff8af0                Malloc_TLSF
 .text.Free_TLSF
                0x000000001fff9198      0x54c CMakeFiles/blinking_imx_demo_epit.dir/home/radipta/workspace/FreeRTOS_BSP_1.0.1_iMX6SX/rtos/FreeRTOS/Source/portable/MemMang/heap_tlsf.c.obj
                0x000000001fff9198                Free_TLSF
 .text.pvPortMalloc
                0x000000001fff96e4       0x22 CMakeFiles/blinking_imx_demo_epit.dir/home/radipta/workspace/FreeRTOS_BSP_1.0.1_iMX6SX/rtos/FreeRTOS/Source/portable/MemMang/heap_3.c.obj
                0x000000001fff96e4                pvPortMalloc
 .text.vPortFree
                0x000000001fff9706       0x24 CMakeFiles/blinking_imx_demo_epit.dir/home/radipta/workspace/FreeRTOS_BSP_1.0.1_iMX6SX/rtos/FreeRTOS/Source/portable/MemMang/heap_3.c.obj
                0x000000001fff9706                vPortFree
 *fill*         0x000000001fff972a        0x2 
 .text.Semaphore_create
                0x000000001fff972c       0x9c CMakeFiles/blinking_imx_demo_epit.dir/home/radipta/workspace/FreeRTOS_BSP_1.0.1_iMX6SX/rtos/FreeRTOS/Source/Semaphore_TLSF.c.obj
                0x000000001fff972c                Semaphore_create
 .text.Semaphore_take
                0x000000001fff97c8      0x19c CMakeFiles/blinking_imx_demo_epit.dir/home/radipta/workspace/FreeRTOS_BSP_1.0.1_iMX6SX/rtos/FreeRTOS/Source/Semaphore_TLSF.c.obj
                0x000000001fff97c8                Semaphore_take
 .text.Semaphore_release
                0x000000001fff9964      0x15c CMakeFiles/blinking_imx_demo_epit.dir/home/radipta/workspace/FreeRTOS_BSP_1.0.1_iMX6SX/rtos/FreeRTOS/Source/Semaphore_TLSF.c.obj
                0x000000001fff9964                Semaphore_release
 .text.Semaphore_GetCount
                0x000000001fff9ac0       0x32 CMakeFiles/blinking_imx_demo_epit.dir/home/radipta/workspace/FreeRTOS_BSP_1.0.1_iMX6SX/rtos/FreeRTOS/Source/Semaphore_TLSF.c.obj
                0x000000001fff9ac0                Semaphore_GetCount
 .text.Createlist
                0x000000001fff9af2       0x84 CMakeFiles/blinking_imx_demo_epit.dir/home/radipta/workspace/FreeRTOS_BSP_1.0.1_iMX6SX/rtos/FreeRTOS/Source/Semaphore_TLSF.c.obj
                0x000000001fff9af2                Createlist
 .text.insertTask
                0x000000001fff9b76       0x2a CMakeFiles/blinking_imx_demo_epit.dir/home/radipta/workspace/FreeRTOS_BSP_1.0.1_iMX6SX/rtos/FreeRTOS/Source/Semaphore_TLSF.c.obj
                0x000000001fff9b76                insertTask
 .text.deleteTask
                0x000000001fff9ba0       0x66 CMakeFiles/blinking_imx_demo_epit.dir/home/radipta/workspace/FreeRTOS_BSP_1.0.1_iMX6SX/rtos/FreeRTOS/Source/Semaphore_TLSF.c.obj
                0x000000001fff9ba0                deleteTask
 *fill*         0x000000001fff9c06        0x2 
 .text.Semaphorecount
                0x000000001fff9c08       0x40 CMakeFiles/blinking_imx_demo_epit.dir/home/radipta/workspace/FreeRTOS_BSP_1.0.1_iMX6SX/examples/imx6sx_ai_m4/demo_apps/blinking_imx_demo/main.c.obj
                0x000000001fff9c08                Semaphorecount
 .text.Semaphoregivecount
                0x000000001fff9c48       0x40 CMakeFiles/blinking_imx_demo_epit.dir/home/radipta/workspace/FreeRTOS_BSP_1.0.1_iMX6SX/examples/imx6sx_ai_m4/demo_apps/blinking_imx_demo/main.c.obj
                0x000000001fff9c48                Semaphoregivecount
 .text.main     0x000000001fff9c88       0x50 CMakeFiles/blinking_imx_demo_epit.dir/home/radipta/workspace/FreeRTOS_BSP_1.0.1_iMX6SX/examples/imx6sx_ai_m4/demo_apps/blinking_imx_demo/main.c.obj
                0x000000001fff9c88                main
 .text.NVIC_EnableIRQ
                0x000000001fff9cd8       0x34 CMakeFiles/blinking_imx_demo_epit.dir/home/radipta/workspace/FreeRTOS_BSP_1.0.1_iMX6SX/examples/imx6sx_ai_m4/demo_apps/blinking_imx_demo/epit_timer.c.obj
 .text.NVIC_SetPriority
                0x000000001fff9d0c       0x54 CMakeFiles/blinking_imx_demo_epit.dir/home/radipta/workspace/FreeRTOS_BSP_1.0.1_iMX6SX/examples/imx6sx_ai_m4/demo_apps/blinking_imx_demo/epit_timer.c.obj
 .text.EPIT_SetClockSource
                0x000000001fff9d60       0x2c CMakeFiles/blinking_imx_demo_epit.dir/home/radipta/workspace/FreeRTOS_BSP_1.0.1_iMX6SX/examples/imx6sx_ai_m4/demo_apps/blinking_imx_demo/epit_timer.c.obj
 .text.EPIT_SetPrescaler
                0x000000001fff9d8c       0x4c CMakeFiles/blinking_imx_demo_epit.dir/home/radipta/workspace/FreeRTOS_BSP_1.0.1_iMX6SX/examples/imx6sx_ai_m4/demo_apps/blinking_imx_demo/epit_timer.c.obj
 .text.EPIT_Disable
                0x000000001fff9dd8       0x20 CMakeFiles/blinking_imx_demo_epit.dir/home/radipta/workspace/FreeRTOS_BSP_1.0.1_iMX6SX/examples/imx6sx_ai_m4/demo_apps/blinking_imx_demo/epit_timer.c.obj
 .text.EPIT_ClearStatusFlag
                0x000000001fff9df8       0x1a CMakeFiles/blinking_imx_demo_epit.dir/home/radipta/workspace/FreeRTOS_BSP_1.0.1_iMX6SX/examples/imx6sx_ai_m4/demo_apps/blinking_imx_demo/epit_timer.c.obj
 *fill*         0x000000001fff9e12        0x2 
 .text.Hw_Timer_Init
                0x000000001fff9e14       0x60 CMakeFiles/blinking_imx_demo_epit.dir/home/radipta/workspace/FreeRTOS_BSP_1.0.1_iMX6SX/examples/imx6sx_ai_m4/demo_apps/blinking_imx_demo/epit_timer.c.obj
                0x000000001fff9e14                Hw_Timer_Init
 .text.EPIT1_Handler
                0x000000001fff9e74       0x50 CMakeFiles/blinking_imx_demo_epit.dir/home/radipta/workspace/FreeRTOS_BSP_1.0.1_iMX6SX/examples/imx6sx_ai_m4/demo_apps/blinking_imx_demo/epit_timer.c.obj
                0x000000001fff9e74                EPIT1_Handler
 .text.GPIO_Ctrl_InitLedPin
                0x000000001fff9ec4       0x3c CMakeFiles/blinking_imx_demo_epit.dir/home/radipta/workspace/FreeRTOS_BSP_1.0.1_iMX6SX/examples/imx6sx_ai_m4/demo_apps/blinking_imx_demo/gpio_ctrl.c.obj
 .text.GPIO_Ctrl_InitKeyPin
                0x000000001fff9f00        0xe CMakeFiles/blinking_imx_demo_epit.dir/home/radipta/workspace/FreeRTOS_BSP_1.0.1_iMX6SX/examples/imx6sx_ai_m4/demo_apps/blinking_imx_demo/gpio_ctrl.c.obj
 *fill*         0x000000001fff9f0e        0x2 
 .text.GPIO_Ctrl_Init
                0x000000001fff9f10       0x24 CMakeFiles/blinking_imx_demo_epit.dir/home/radipta/workspace/FreeRTOS_BSP_1.0.1_iMX6SX/examples/imx6sx_ai_m4/demo_apps/blinking_imx_demo/gpio_ctrl.c.obj
                0x000000001fff9f10                GPIO_Ctrl_Init
 .text.GPIO_Init
                0x000000001fff9f34      0x10c CMakeFiles/blinking_imx_demo_epit.dir/home/radipta/workspace/FreeRTOS_BSP_1.0.1_iMX6SX/platform/drivers/src/gpio_imx.c.obj
                0x000000001fff9f34                GPIO_Init
 .text.EPIT_SoftReset
                0x000000001fffa040       0x2e CMakeFiles/blinking_imx_demo_epit.dir/home/radipta/workspace/FreeRTOS_BSP_1.0.1_iMX6SX/platform/drivers/src/epit.c.obj
 *fill*         0x000000001fffa06e        0x2 
 .text.EPIT_Init
                0x000000001fffa070       0x94 CMakeFiles/blinking_imx_demo_epit.dir/home/radipta/workspace/FreeRTOS_BSP_1.0.1_iMX6SX/platform/drivers/src/epit.c.obj
                0x000000001fffa070                EPIT_Init
 .text.EPIT_SetIntCmd
                0x000000001fffa104       0x38 CMakeFiles/blinking_imx_demo_epit.dir/home/radipta/workspace/FreeRTOS_BSP_1.0.1_iMX6SX/platform/drivers/src/epit.c.obj
                0x000000001fffa104                EPIT_SetIntCmd
 .text.RDC_SEMAPHORE_GetGate
                0x000000001fffa13c       0x3c CMakeFiles/blinking_imx_demo_epit.dir/home/radipta/workspace/FreeRTOS_BSP_1.0.1_iMX6SX/platform/drivers/src/rdc_semaphore.c.obj
 .text.RDC_SEMAPHORE_Lock
                0x000000001fffa178       0x4a CMakeFiles/blinking_imx_demo_epit.dir/home/radipta/workspace/FreeRTOS_BSP_1.0.1_iMX6SX/platform/drivers/src/rdc_semaphore.c.obj
                0x000000001fffa178                RDC_SEMAPHORE_Lock
 .text.RDC_SEMAPHORE_Unlock
                0x000000001fffa1c2       0x28 CMakeFiles/blinking_imx_demo_epit.dir/home/radipta/workspace/FreeRTOS_BSP_1.0.1_iMX6SX/platform/drivers/src/rdc_semaphore.c.obj
                0x000000001fffa1c2                RDC_SEMAPHORE_Unlock
 *fill*         0x000000001fffa1ea        0x2 
 .text.UART_Init
                0x000000001fffa1ec       0x90 CMakeFiles/blinking_imx_demo_epit.dir/home/radipta/workspace/FreeRTOS_BSP_1.0.1_iMX6SX/platform/drivers/src/uart_imx.c.obj
                0x000000001fffa1ec                UART_Init
 .text.UART_Deinit
                0x000000001fffa27c       0x9a CMakeFiles/blinking_imx_demo_epit.dir/home/radipta/workspace/FreeRTOS_BSP_1.0.1_iMX6SX/platform/drivers/src/uart_imx.c.obj
                0x000000001fffa27c                UART_Deinit
 *fill*         0x000000001fffa316        0x2 
 .text.UART_SetBaudRate
                0x000000001fffa318      0x1a0 CMakeFiles/blinking_imx_demo_epit.dir/home/radipta/workspace/FreeRTOS_BSP_1.0.1_iMX6SX/platform/drivers/src/uart_imx.c.obj
                0x000000001fffa318                UART_SetBaudRate
 .text.UART_GetStatusFlag
                0x000000001fffa4b8       0x3e CMakeFiles/blinking_imx_demo_epit.dir/home/radipta/workspace/FreeRTOS_BSP_1.0.1_iMX6SX/platform/drivers/src/uart_imx.c.obj
                0x000000001fffa4b8                UART_GetStatusFlag
 .text.vListInitialise
                0x000000001fffa4f6       0x40 CMakeFiles/blinking_imx_demo_epit.dir/home/radipta/workspace/FreeRTOS_BSP_1.0.1_iMX6SX/rtos/FreeRTOS/Source/list.c.obj
                0x000000001fffa4f6                vListInitialise
 .text.vListInitialiseItem
                0x000000001fffa536       0x1a CMakeFiles/blinking_imx_demo_epit.dir/home/radipta/workspace/FreeRTOS_BSP_1.0.1_iMX6SX/rtos/FreeRTOS/Source/list.c.obj
                0x000000001fffa536                vListInitialiseItem
 .text.vListInsertEnd
                0x000000001fffa550       0x48 CMakeFiles/blinking_imx_demo_epit.dir/home/radipta/workspace/FreeRTOS_BSP_1.0.1_iMX6SX/rtos/FreeRTOS/Source/list.c.obj
                0x000000001fffa550                vListInsertEnd
 .text.vListInsert
                0x000000001fffa598       0x72 CMakeFiles/blinking_imx_demo_epit.dir/home/radipta/workspace/FreeRTOS_BSP_1.0.1_iMX6SX/rtos/FreeRTOS/Source/list.c.obj
                0x000000001fffa598                vListInsert
 .text.uxListRemove
                0x000000001fffa60a       0x54 CMakeFiles/blinking_imx_demo_epit.dir/home/radipta/workspace/FreeRTOS_BSP_1.0.1_iMX6SX/rtos/FreeRTOS/Source/list.c.obj
                0x000000001fffa60a                uxListRemove
 .text.xQueueGenericReset
                0x000000001fffa65e       0xb0 CMakeFiles/blinking_imx_demo_epit.dir/home/radipta/workspace/FreeRTOS_BSP_1.0.1_iMX6SX/rtos/FreeRTOS/Source/queue.c.obj
                0x000000001fffa65e                xQueueGenericReset
 .text.xQueueGenericCreate
                0x000000001fffa70e       0x7c CMakeFiles/blinking_imx_demo_epit.dir/home/radipta/workspace/FreeRTOS_BSP_1.0.1_iMX6SX/rtos/FreeRTOS/Source/queue.c.obj
                0x000000001fffa70e                xQueueGenericCreate
 .text.xQueueGenericSend
                0x000000001fffa78a      0x178 CMakeFiles/blinking_imx_demo_epit.dir/home/radipta/workspace/FreeRTOS_BSP_1.0.1_iMX6SX/rtos/FreeRTOS/Source/queue.c.obj
                0x000000001fffa78a                xQueueGenericSend
 .text.xQueueGenericSendFromISR
                0x000000001fffa902       0xd4 CMakeFiles/blinking_imx_demo_epit.dir/home/radipta/workspace/FreeRTOS_BSP_1.0.1_iMX6SX/rtos/FreeRTOS/Source/queue.c.obj
                0x000000001fffa902                xQueueGenericSendFromISR
 .text.xQueueGenericReceive
                0x000000001fffa9d6      0x18a CMakeFiles/blinking_imx_demo_epit.dir/home/radipta/workspace/FreeRTOS_BSP_1.0.1_iMX6SX/rtos/FreeRTOS/Source/queue.c.obj
                0x000000001fffa9d6                xQueueGenericReceive
 .text.prvCopyDataToQueue
                0x000000001fffab60       0xb4 CMakeFiles/blinking_imx_demo_epit.dir/home/radipta/workspace/FreeRTOS_BSP_1.0.1_iMX6SX/rtos/FreeRTOS/Source/queue.c.obj
 .text.prvCopyDataFromQueue
                0x000000001fffac14       0x4c CMakeFiles/blinking_imx_demo_epit.dir/home/radipta/workspace/FreeRTOS_BSP_1.0.1_iMX6SX/rtos/FreeRTOS/Source/queue.c.obj
 .text.prvUnlockQueue
                0x000000001fffac60       0x98 CMakeFiles/blinking_imx_demo_epit.dir/home/radipta/workspace/FreeRTOS_BSP_1.0.1_iMX6SX/rtos/FreeRTOS/Source/queue.c.obj
 .text.prvIsQueueEmpty
                0x000000001fffacf8       0x2c CMakeFiles/blinking_imx_demo_epit.dir/home/radipta/workspace/FreeRTOS_BSP_1.0.1_iMX6SX/rtos/FreeRTOS/Source/queue.c.obj
 .text.prvIsQueueFull
                0x000000001fffad24       0x30 CMakeFiles/blinking_imx_demo_epit.dir/home/radipta/workspace/FreeRTOS_BSP_1.0.1_iMX6SX/rtos/FreeRTOS/Source/queue.c.obj
 .text.vQueueAddToRegistry
                0x000000001fffad54       0x50 CMakeFiles/blinking_imx_demo_epit.dir/home/radipta/workspace/FreeRTOS_BSP_1.0.1_iMX6SX/rtos/FreeRTOS/Source/queue.c.obj
                0x000000001fffad54                vQueueAddToRegistry
 .text.vQueueWaitForMessageRestricted
                0x000000001fffada4       0x58 CMakeFiles/blinking_imx_demo_epit.dir/home/radipta/workspace/FreeRTOS_BSP_1.0.1_iMX6SX/rtos/FreeRTOS/Source/queue.c.obj
                0x000000001fffada4                vQueueWaitForMessageRestricted
 .text.xTaskGenericCreate
                0x000000001fffadfc      0x160 CMakeFiles/blinking_imx_demo_epit.dir/home/radipta/workspace/FreeRTOS_BSP_1.0.1_iMX6SX/rtos/FreeRTOS/Source/tasks.c.obj
                0x000000001fffadfc                xTaskGenericCreate
 .text.vTaskStartScheduler
                0x000000001fffaf5c       0x70 CMakeFiles/blinking_imx_demo_epit.dir/home/radipta/workspace/FreeRTOS_BSP_1.0.1_iMX6SX/rtos/FreeRTOS/Source/tasks.c.obj
                0x000000001fffaf5c                vTaskStartScheduler
 .text.vTaskSuspendAll
                0x000000001fffafcc       0x1c CMakeFiles/blinking_imx_demo_epit.dir/home/radipta/workspace/FreeRTOS_BSP_1.0.1_iMX6SX/rtos/FreeRTOS/Source/tasks.c.obj
                0x000000001fffafcc                vTaskSuspendAll
 .text.xTaskResumeAll
                0x000000001fffafe8      0x10c CMakeFiles/blinking_imx_demo_epit.dir/home/radipta/workspace/FreeRTOS_BSP_1.0.1_iMX6SX/rtos/FreeRTOS/Source/tasks.c.obj
                0x000000001fffafe8                xTaskResumeAll
 .text.xTaskGetTickCount
                0x000000001fffb0f4       0x24 CMakeFiles/blinking_imx_demo_epit.dir/home/radipta/workspace/FreeRTOS_BSP_1.0.1_iMX6SX/rtos/FreeRTOS/Source/tasks.c.obj
                0x000000001fffb0f4                xTaskGetTickCount
 .text.xTaskIncrementTick
                0x000000001fffb118      0x170 CMakeFiles/blinking_imx_demo_epit.dir/home/radipta/workspace/FreeRTOS_BSP_1.0.1_iMX6SX/rtos/FreeRTOS/Source/tasks.c.obj
                0x000000001fffb118                xTaskIncrementTick
 .text.vTaskSwitchContext
                0x000000001fffb288       0xa4 CMakeFiles/blinking_imx_demo_epit.dir/home/radipta/workspace/FreeRTOS_BSP_1.0.1_iMX6SX/rtos/FreeRTOS/Source/tasks.c.obj
                0x000000001fffb288                vTaskSwitchContext
 .text.vTaskPlaceOnEventList
                0x000000001fffb32c       0x6c CMakeFiles/blinking_imx_demo_epit.dir/home/radipta/workspace/FreeRTOS_BSP_1.0.1_iMX6SX/rtos/FreeRTOS/Source/tasks.c.obj
                0x000000001fffb32c                vTaskPlaceOnEventList
 .text.vTaskPlaceOnEventListRestricted
                0x000000001fffb398       0x50 CMakeFiles/blinking_imx_demo_epit.dir/home/radipta/workspace/FreeRTOS_BSP_1.0.1_iMX6SX/rtos/FreeRTOS/Source/tasks.c.obj
                0x000000001fffb398                vTaskPlaceOnEventListRestricted
 .text.xTaskRemoveFromEventList
                0x000000001fffb3e8       0xb8 CMakeFiles/blinking_imx_demo_epit.dir/home/radipta/workspace/FreeRTOS_BSP_1.0.1_iMX6SX/rtos/FreeRTOS/Source/tasks.c.obj
                0x000000001fffb3e8                xTaskRemoveFromEventList
 .text.vTaskSetTimeOutState
                0x000000001fffb4a0       0x34 CMakeFiles/blinking_imx_demo_epit.dir/home/radipta/workspace/FreeRTOS_BSP_1.0.1_iMX6SX/rtos/FreeRTOS/Source/tasks.c.obj
                0x000000001fffb4a0                vTaskSetTimeOutState
 .text.checkSemTCB
                0x000000001fffb4d4       0x24 CMakeFiles/blinking_imx_demo_epit.dir/home/radipta/workspace/FreeRTOS_BSP_1.0.1_iMX6SX/rtos/FreeRTOS/Source/tasks.c.obj
                0x000000001fffb4d4                checkSemTCB
 .text.insertSemTCB
                0x000000001fffb4f8       0x24 CMakeFiles/blinking_imx_demo_epit.dir/home/radipta/workspace/FreeRTOS_BSP_1.0.1_iMX6SX/rtos/FreeRTOS/Source/tasks.c.obj
                0x000000001fffb4f8                insertSemTCB
 .text.getSemTCB
                0x000000001fffb51c       0x28 CMakeFiles/blinking_imx_demo_epit.dir/home/radipta/workspace/FreeRTOS_BSP_1.0.1_iMX6SX/rtos/FreeRTOS/Source/tasks.c.obj
                0x000000001fffb51c                getSemTCB
 .text.getCurrentTCB
                0x000000001fffb544       0x18 CMakeFiles/blinking_imx_demo_epit.dir/home/radipta/workspace/FreeRTOS_BSP_1.0.1_iMX6SX/rtos/FreeRTOS/Source/tasks.c.obj
                0x000000001fffb544                getCurrentTCB
 .text.getCurrentListTCB
                0x000000001fffb55c       0x18 CMakeFiles/blinking_imx_demo_epit.dir/home/radipta/workspace/FreeRTOS_BSP_1.0.1_iMX6SX/rtos/FreeRTOS/Source/tasks.c.obj
                0x000000001fffb55c                getCurrentListTCB
 .text.delaytask
                0x000000001fffb574       0xa4 CMakeFiles/blinking_imx_demo_epit.dir/home/radipta/workspace/FreeRTOS_BSP_1.0.1_iMX6SX/rtos/FreeRTOS/Source/tasks.c.obj
                0x000000001fffb574                delaytask
 .text.getTick  0x000000001fffb618       0x24 CMakeFiles/blinking_imx_demo_epit.dir/home/radipta/workspace/FreeRTOS_BSP_1.0.1_iMX6SX/rtos/FreeRTOS/Source/tasks.c.obj
                0x000000001fffb618                getTick
 .text.xTaskCheckForTimeOut
                0x000000001fffb63c       0xa0 CMakeFiles/blinking_imx_demo_epit.dir/home/radipta/workspace/FreeRTOS_BSP_1.0.1_iMX6SX/rtos/FreeRTOS/Source/tasks.c.obj
                0x000000001fffb63c                xTaskCheckForTimeOut
 .text.vTaskMissedYield
                0x000000001fffb6dc       0x18 CMakeFiles/blinking_imx_demo_epit.dir/home/radipta/workspace/FreeRTOS_BSP_1.0.1_iMX6SX/rtos/FreeRTOS/Source/tasks.c.obj
                0x000000001fffb6dc                vTaskMissedYield
 .text.prvIdleTask
                0x000000001fffb6f4        0xe CMakeFiles/blinking_imx_demo_epit.dir/home/radipta/workspace/FreeRTOS_BSP_1.0.1_iMX6SX/rtos/FreeRTOS/Source/tasks.c.obj
 .text.prvInitialiseTCBVariables
                0x000000001fffb702       0x8e CMakeFiles/blinking_imx_demo_epit.dir/home/radipta/workspace/FreeRTOS_BSP_1.0.1_iMX6SX/rtos/FreeRTOS/Source/tasks.c.obj
 .text.prvInitialiseTaskLists
                0x000000001fffb790       0x80 CMakeFiles/blinking_imx_demo_epit.dir/home/radipta/workspace/FreeRTOS_BSP_1.0.1_iMX6SX/rtos/FreeRTOS/Source/tasks.c.obj
 .text.prvCheckTasksWaitingTermination
                0x000000001fffb810       0x78 CMakeFiles/blinking_imx_demo_epit.dir/home/radipta/workspace/FreeRTOS_BSP_1.0.1_iMX6SX/rtos/FreeRTOS/Source/tasks.c.obj
 .text.prvAddCurrentTaskToDelayedList
                0x000000001fffb888       0x6c CMakeFiles/blinking_imx_demo_epit.dir/home/radipta/workspace/FreeRTOS_BSP_1.0.1_iMX6SX/rtos/FreeRTOS/Source/tasks.c.obj
 .text.prvAllocateTCBAndStack
                0x000000001fffb8f4       0x50 CMakeFiles/blinking_imx_demo_epit.dir/home/radipta/workspace/FreeRTOS_BSP_1.0.1_iMX6SX/rtos/FreeRTOS/Source/tasks.c.obj
 .text.prvDeleteTCB
                0x000000001fffb944       0x20 CMakeFiles/blinking_imx_demo_epit.dir/home/radipta/workspace/FreeRTOS_BSP_1.0.1_iMX6SX/rtos/FreeRTOS/Source/tasks.c.obj
 .text.prvResetNextTaskUnblockTime
                0x000000001fffb964       0x4c CMakeFiles/blinking_imx_demo_epit.dir/home/radipta/workspace/FreeRTOS_BSP_1.0.1_iMX6SX/rtos/FreeRTOS/Source/tasks.c.obj
 .text.xTaskGetSchedulerState
                0x000000001fffb9b0       0x3c CMakeFiles/blinking_imx_demo_epit.dir/home/radipta/workspace/FreeRTOS_BSP_1.0.1_iMX6SX/rtos/FreeRTOS/Source/tasks.c.obj
                0x000000001fffb9b0                xTaskGetSchedulerState
 .text.xTimerCreateTimerTask
                0x000000001fffb9ec       0x58 CMakeFiles/blinking_imx_demo_epit.dir/home/radipta/workspace/FreeRTOS_BSP_1.0.1_iMX6SX/rtos/FreeRTOS/Source/timers.c.obj
                0x000000001fffb9ec                xTimerCreateTimerTask
 .text.xTimerGenericCommand
                0x000000001fffba44       0x80 CMakeFiles/blinking_imx_demo_epit.dir/home/radipta/workspace/FreeRTOS_BSP_1.0.1_iMX6SX/rtos/FreeRTOS/Source/timers.c.obj
                0x000000001fffba44                xTimerGenericCommand
 .text.prvProcessExpiredTimer
                0x000000001fffbac4       0x70 CMakeFiles/blinking_imx_demo_epit.dir/home/radipta/workspace/FreeRTOS_BSP_1.0.1_iMX6SX/rtos/FreeRTOS/Source/timers.c.obj
 .text.prvTimerTask
                0x000000001fffbb34       0x24 CMakeFiles/blinking_imx_demo_epit.dir/home/radipta/workspace/FreeRTOS_BSP_1.0.1_iMX6SX/rtos/FreeRTOS/Source/timers.c.obj
 .text.prvProcessTimerOrBlockTask
                0x000000001fffbb58       0x6c CMakeFiles/blinking_imx_demo_epit.dir/home/radipta/workspace/FreeRTOS_BSP_1.0.1_iMX6SX/rtos/FreeRTOS/Source/timers.c.obj
 .text.prvGetNextExpireTime
                0x000000001fffbbc4       0x48 CMakeFiles/blinking_imx_demo_epit.dir/home/radipta/workspace/FreeRTOS_BSP_1.0.1_iMX6SX/rtos/FreeRTOS/Source/timers.c.obj
 .text.prvSampleTimeNow
                0x000000001fffbc0c       0x40 CMakeFiles/blinking_imx_demo_epit.dir/home/radipta/workspace/FreeRTOS_BSP_1.0.1_iMX6SX/rtos/FreeRTOS/Source/timers.c.obj
 .text.prvInsertTimerInActiveList
                0x000000001fffbc4c       0x84 CMakeFiles/blinking_imx_demo_epit.dir/home/radipta/workspace/FreeRTOS_BSP_1.0.1_iMX6SX/rtos/FreeRTOS/Source/timers.c.obj
 .text.prvProcessReceivedCommands
                0x000000001fffbcd0      0x104 CMakeFiles/blinking_imx_demo_epit.dir/home/radipta/workspace/FreeRTOS_BSP_1.0.1_iMX6SX/rtos/FreeRTOS/Source/timers.c.obj
 .text.prvSwitchTimerLists
                0x000000001fffbdd4       0xb4 CMakeFiles/blinking_imx_demo_epit.dir/home/radipta/workspace/FreeRTOS_BSP_1.0.1_iMX6SX/rtos/FreeRTOS/Source/timers.c.obj
 .text.prvCheckForValidListAndQueue
                0x000000001fffbe88       0x7c CMakeFiles/blinking_imx_demo_epit.dir/home/radipta/workspace/FreeRTOS_BSP_1.0.1_iMX6SX/rtos/FreeRTOS/Source/timers.c.obj
 .text.UART_Enable
                0x000000001fffbf04       0x24 CMakeFiles/blinking_imx_demo_epit.dir/home/radipta/workspace/FreeRTOS_BSP_1.0.1_iMX6SX/platform/utilities/src/debug_console_imx.c.obj
 .text.UART_Putchar
                0x000000001fffbf28       0x1e CMakeFiles/blinking_imx_demo_epit.dir/home/radipta/workspace/FreeRTOS_BSP_1.0.1_iMX6SX/platform/utilities/src/debug_console_imx.c.obj
 .text.UART_Getchar
                0x000000001fffbf46       0x1a CMakeFiles/blinking_imx_demo_epit.dir/home/radipta/workspace/FreeRTOS_BSP_1.0.1_iMX6SX/platform/utilities/src/debug_console_imx.c.obj
 .text.DbgConsole_Init
                0x000000001fffbf60       0x78 CMakeFiles/blinking_imx_demo_epit.dir/home/radipta/workspace/FreeRTOS_BSP_1.0.1_iMX6SX/platform/utilities/src/debug_console_imx.c.obj
                0x000000001fffbf60                DbgConsole_Init
 .text._write   0x000000001fffbfd8       0x5c CMakeFiles/blinking_imx_demo_epit.dir/home/radipta/workspace/FreeRTOS_BSP_1.0.1_iMX6SX/platform/utilities/src/debug_console_imx.c.obj
                0x000000001fffbfd8                _write
 .text._read    0x000000001fffc034       0x48 CMakeFiles/blinking_imx_demo_epit.dir/home/radipta/workspace/FreeRTOS_BSP_1.0.1_iMX6SX/platform/utilities/src/debug_console_imx.c.obj
                0x000000001fffc034                _read
 .text.debug_printf
                0x000000001fffc07c       0x50 CMakeFiles/blinking_imx_demo_epit.dir/home/radipta/workspace/FreeRTOS_BSP_1.0.1_iMX6SX/platform/utilities/src/debug_console_imx.c.obj
                0x000000001fffc07c                debug_printf
 .text.debug_putc
                0x000000001fffc0cc       0x44 CMakeFiles/blinking_imx_demo_epit.dir/home/radipta/workspace/FreeRTOS_BSP_1.0.1_iMX6SX/platform/utilities/src/debug_console_imx.c.obj
 .text.UART_SendDataPolling
                0x000000001fffc110       0x64 CMakeFiles/blinking_imx_demo_epit.dir/home/radipta/workspace/FreeRTOS_BSP_1.0.1_iMX6SX/platform/utilities/src/debug_console_imx.c.obj
 .text.UART_ReceiveDataPolling
                0x000000001fffc174       0x4c CMakeFiles/blinking_imx_demo_epit.dir/home/radipta/workspace/FreeRTOS_BSP_1.0.1_iMX6SX/platform/utilities/src/debug_console_imx.c.obj
 .text._doprint
                0x000000001fffc1c0      0x744 CMakeFiles/blinking_imx_demo_epit.dir/home/radipta/workspace/FreeRTOS_BSP_1.0.1_iMX6SX/platform/utilities/src/print_scan.c.obj
                0x000000001fffc1c0                _doprint
 .text.mknumstr
                0x000000001fffc904      0x10e CMakeFiles/blinking_imx_demo_epit.dir/home/radipta/workspace/FreeRTOS_BSP_1.0.1_iMX6SX/platform/utilities/src/print_scan.c.obj
 .text.fput_pad
                0x000000001fffca12       0x42 CMakeFiles/blinking_imx_demo_epit.dir/home/radipta/workspace/FreeRTOS_BSP_1.0.1_iMX6SX/platform/utilities/src/print_scan.c.obj
 .text.SystemInit
                0x000000001fffca54       0x90 CMakeFiles/blinking_imx_demo_epit.dir/home/radipta/workspace/FreeRTOS_BSP_1.0.1_iMX6SX/platform/devices/MCIMX6X/startup/system_MCIMX6X_M4.c.obj
                0x000000001fffca54                SystemInit
 .text.configure_uart_pins
                0x000000001fffcae4       0x50 CMakeFiles/blinking_imx_demo_epit.dir/home/radipta/workspace/FreeRTOS_BSP_1.0.1_iMX6SX/examples/imx6sx_ai_m4/pin_mux.c.obj
                0x000000001fffcae4                configure_uart_pins
 .text.RDC_SetDomainID
                0x000000001fffcb34       0x58 CMakeFiles/blinking_imx_demo_epit.dir/home/radipta/workspace/FreeRTOS_BSP_1.0.1_iMX6SX/examples/imx6sx_ai_m4/board.c.obj
 .text.RDC_SetPdapAccess
                0x000000001fffcb8c       0x52 CMakeFiles/blinking_imx_demo_epit.dir/home/radipta/workspace/FreeRTOS_BSP_1.0.1_iMX6SX/examples/imx6sx_ai_m4/board.c.obj
 .text.CCM_SetRootMux
                0x000000001fffcbde       0x60 CMakeFiles/blinking_imx_demo_epit.dir/home/radipta/workspace/FreeRTOS_BSP_1.0.1_iMX6SX/examples/imx6sx_ai_m4/board.c.obj
 .text.CCM_SetRootDivider
                0x000000001fffcc3e       0x60 CMakeFiles/blinking_imx_demo_epit.dir/home/radipta/workspace/FreeRTOS_BSP_1.0.1_iMX6SX/examples/imx6sx_ai_m4/board.c.obj
 .text.CCM_ControlGate
                0x000000001fffcc9e       0x60 CMakeFiles/blinking_imx_demo_epit.dir/home/radipta/workspace/FreeRTOS_BSP_1.0.1_iMX6SX/examples/imx6sx_ai_m4/board.c.obj
 .text.WDOG_DisablePowerdown
                0x000000001fffccfe       0x24 CMakeFiles/blinking_imx_demo_epit.dir/home/radipta/workspace/FreeRTOS_BSP_1.0.1_iMX6SX/examples/imx6sx_ai_m4/board.c.obj
 *fill*         0x000000001fffcd22        0x2 
 .text.BOARD_ClockInit
                0x000000001fffcd24       0x50 CMakeFiles/blinking_imx_demo_epit.dir/home/radipta/workspace/FreeRTOS_BSP_1.0.1_iMX6SX/examples/imx6sx_ai_m4/board.c.obj
                0x000000001fffcd24                BOARD_ClockInit
 .text.dbg_uart_init
                0x000000001fffcd74       0x78 CMakeFiles/blinking_imx_demo_epit.dir/home/radipta/workspace/FreeRTOS_BSP_1.0.1_iMX6SX/examples/imx6sx_ai_m4/board.c.obj
                0x000000001fffcd74                dbg_uart_init
 .text.BOARD_RdcInit
                0x000000001fffcdec       0x18 CMakeFiles/blinking_imx_demo_epit.dir/home/radipta/workspace/FreeRTOS_BSP_1.0.1_iMX6SX/examples/imx6sx_ai_m4/board.c.obj
                0x000000001fffcdec                BOARD_RdcInit
 .text.RDC_SetPdapAccess
                0x000000001fffce04       0x52 CMakeFiles/blinking_imx_demo_epit.dir/home/radipta/workspace/FreeRTOS_BSP_1.0.1_iMX6SX/examples/imx6sx_ai_m4/demo_apps/blinking_imx_demo/hardware_init.c.obj
 .text.CCM_SetRootMux
                0x000000001fffce56       0x60 CMakeFiles/blinking_imx_demo_epit.dir/home/radipta/workspace/FreeRTOS_BSP_1.0.1_iMX6SX/examples/imx6sx_ai_m4/demo_apps/blinking_imx_demo/hardware_init.c.obj
 .text.CCM_SetRootDivider
                0x000000001fffceb6       0x60 CMakeFiles/blinking_imx_demo_epit.dir/home/radipta/workspace/FreeRTOS_BSP_1.0.1_iMX6SX/examples/imx6sx_ai_m4/demo_apps/blinking_imx_demo/hardware_init.c.obj
 .text.CCM_ControlGate
                0x000000001fffcf16       0x60 CMakeFiles/blinking_imx_demo_epit.dir/home/radipta/workspace/FreeRTOS_BSP_1.0.1_iMX6SX/examples/imx6sx_ai_m4/demo_apps/blinking_imx_demo/hardware_init.c.obj
 *fill*         0x000000001fffcf76        0x2 
 .text.hardware_init
                0x000000001fffcf78       0x64 CMakeFiles/blinking_imx_demo_epit.dir/home/radipta/workspace/FreeRTOS_BSP_1.0.1_iMX6SX/examples/imx6sx_ai_m4/demo_apps/blinking_imx_demo/hardware_init.c.obj
                0x000000001fffcf78                hardware_init
 .text.configure_gpio_pin
                0x000000001fffcfdc       0x44 CMakeFiles/blinking_imx_demo_epit.dir/home/radipta/workspace/FreeRTOS_BSP_1.0.1_iMX6SX/examples/imx6sx_ai_m4/gpio_pins.c.obj
                0x000000001fffcfdc                configure_gpio_pin
 .text.__assert_func
                0x000000001fffd020       0x3c /home/radipta/opt/gcc-arm-none-eabi-7-2017-q4-major/bin/../lib/gcc/arm-none-eabi/7.2.1/../../../../arm-none-eabi/lib/thumb/v7e-m/fpv4-sp/hard/libc_nano.a(lib_a-assert.o)
                0x000000001fffd020                __assert_func
 .text.exit     0x000000001fffd05c       0x28 /home/radipta/opt/gcc-arm-none-eabi-7-2017-q4-major/bin/../lib/gcc/arm-none-eabi/7.2.1/../../../../arm-none-eabi/lib/thumb/v7e-m/fpv4-sp/hard/libc_nano.a(lib_a-exit.o)
                0x000000001fffd05c                exit
 .text.fprintf  0x000000001fffd084       0x24 /home/radipta/opt/gcc-arm-none-eabi-7-2017-q4-major/bin/../lib/gcc/arm-none-eabi/7.2.1/../../../../arm-none-eabi/lib/thumb/v7e-m/fpv4-sp/hard/libc_nano.a(lib_a-fprintf.o)
                0x000000001fffd084                fprintf
                0x000000001fffd084                fiprintf
 .text.__libc_init_array
                0x000000001fffd0a8       0x48 /home/radipta/opt/gcc-arm-none-eabi-7-2017-q4-major/bin/../lib/gcc/arm-none-eabi/7.2.1/../../../../arm-none-eabi/lib/thumb/v7e-m/fpv4-sp/hard/libc_nano.a(lib_a-init.o)
                0x000000001fffd0a8                __libc_init_array
 .text.malloc   0x000000001fffd0f0       0x10 /home/radipta/opt/gcc-arm-none-eabi-7-2017-q4-major/bin/../lib/gcc/arm-none-eabi/7.2.1/../../../../arm-none-eabi/lib/thumb/v7e-m/fpv4-sp/hard/libc_nano.a(lib_a-malloc.o)
                0x000000001fffd0f0                malloc
 .text.free     0x000000001fffd100       0x10 /home/radipta/opt/gcc-arm-none-eabi-7-2017-q4-major/bin/../lib/gcc/arm-none-eabi/7.2.1/../../../../arm-none-eabi/lib/thumb/v7e-m/fpv4-sp/hard/libc_nano.a(lib_a-malloc.o)
                0x000000001fffd100                free
 .text.memcpy   0x000000001fffd110       0x16 /home/radipta/opt/gcc-arm-none-eabi-7-2017-q4-major/bin/../lib/gcc/arm-none-eabi/7.2.1/../../../../arm-none-eabi/lib/thumb/v7e-m/fpv4-sp/hard/libc_nano.a(lib_a-memcpy-stub.o)
                0x000000001fffd110                memcpy
 .text.memset   0x000000001fffd126       0x10 /home/radipta/opt/gcc-arm-none-eabi-7-2017-q4-major/bin/../lib/gcc/arm-none-eabi/7.2.1/../../../../arm-none-eabi/lib/thumb/v7e-m/fpv4-sp/hard/libc_nano.a(lib_a-memset.o)
                0x000000001fffd126                memset
 *fill*         0x000000001fffd136        0x2 
 .text._free_r  0x000000001fffd138       0x9c /home/radipta/opt/gcc-arm-none-eabi-7-2017-q4-major/bin/../lib/gcc/arm-none-eabi/7.2.1/../../../../arm-none-eabi/lib/thumb/v7e-m/fpv4-sp/hard/libc_nano.a(lib_a-nano-freer.o)
                0x000000001fffd138                _free_r
 .text._malloc_r
                0x000000001fffd1d4       0xb4 /home/radipta/opt/gcc-arm-none-eabi-7-2017-q4-major/bin/../lib/gcc/arm-none-eabi/7.2.1/../../../../arm-none-eabi/lib/thumb/v7e-m/fpv4-sp/hard/libc_nano.a(lib_a-nano-mallocr.o)
                0x000000001fffd1d4                _malloc_r
 .text.__sfputc_r
                0x000000001fffd288       0x2e /home/radipta/opt/gcc-arm-none-eabi-7-2017-q4-major/bin/../lib/gcc/arm-none-eabi/7.2.1/../../../../arm-none-eabi/lib/thumb/v7e-m/fpv4-sp/hard/libc_nano.a(lib_a-nano-vfprintf.o)
 .text.__sfputs_r
                0x000000001fffd2b6       0x24 /home/radipta/opt/gcc-arm-none-eabi-7-2017-q4-major/bin/../lib/gcc/arm-none-eabi/7.2.1/../../../../arm-none-eabi/lib/thumb/v7e-m/fpv4-sp/hard/libc_nano.a(lib_a-nano-vfprintf.o)
                0x000000001fffd2b6                __sfputs_r
 *fill*         0x000000001fffd2da        0x2 
 .text._vfprintf_r
                0x000000001fffd2dc      0x228 /home/radipta/opt/gcc-arm-none-eabi-7-2017-q4-major/bin/../lib/gcc/arm-none-eabi/7.2.1/../../../../arm-none-eabi/lib/thumb/v7e-m/fpv4-sp/hard/libc_nano.a(lib_a-nano-vfprintf.o)
                0x000000001fffd2dc                _vfiprintf_r
                0x000000001fffd2dc                _vfprintf_r
 .text._printf_common
                0x000000001fffd504       0xea /home/radipta/opt/gcc-arm-none-eabi-7-2017-q4-major/bin/../lib/gcc/arm-none-eabi/7.2.1/../../../../arm-none-eabi/lib/thumb/v7e-m/fpv4-sp/hard/libc_nano.a(lib_a-nano-vfprintf_i.o)
                0x000000001fffd504                _printf_common
 *fill*         0x000000001fffd5ee        0x2 
 .text._printf_i
                0x000000001fffd5f0      0x224 /home/radipta/opt/gcc-arm-none-eabi-7-2017-q4-major/bin/../lib/gcc/arm-none-eabi/7.2.1/../../../../arm-none-eabi/lib/thumb/v7e-m/fpv4-sp/hard/libc_nano.a(lib_a-nano-vfprintf_i.o)
                0x000000001fffd5f0                _printf_i
 .text._sbrk_r  0x000000001fffd814       0x20 /home/radipta/opt/gcc-arm-none-eabi-7-2017-q4-major/bin/../lib/gcc/arm-none-eabi/7.2.1/../../../../arm-none-eabi/lib/thumb/v7e-m/fpv4-sp/hard/libc_nano.a(lib_a-sbrkr.o)
                0x000000001fffd814                _sbrk_r
 .text.__swbuf_r
                0x000000001fffd834       0xa4 /home/radipta/opt/gcc-arm-none-eabi-7-2017-q4-major/bin/../lib/gcc/arm-none-eabi/7.2.1/../../../../arm-none-eabi/lib/thumb/v7e-m/fpv4-sp/hard/libc_nano.a(lib_a-wbuf.o)
                0x000000001fffd834                __swbuf_r
 .text.__swsetup_r
                0x000000001fffd8d8       0xdc /home/radipta/opt/gcc-arm-none-eabi-7-2017-q4-major/bin/../lib/gcc/arm-none-eabi/7.2.1/../../../../arm-none-eabi/lib/thumb/v7e-m/fpv4-sp/hard/libc_nano.a(lib_a-wsetup.o)
                0x000000001fffd8d8                __swsetup_r
 .text.abort    0x000000001fffd9b4        0xe /home/radipta/opt/gcc-arm-none-eabi-7-2017-q4-major/bin/../lib/gcc/arm-none-eabi/7.2.1/../../../../arm-none-eabi/lib/thumb/v7e-m/fpv4-sp/hard/libc_nano.a(lib_a-abort.o)
                0x000000001fffd9b4                abort
 *fill*         0x000000001fffd9c2        0x2 
 .text.__sflush_r
                0x000000001fffd9c4      0x10c /home/radipta/opt/gcc-arm-none-eabi-7-2017-q4-major/bin/../lib/gcc/arm-none-eabi/7.2.1/../../../../arm-none-eabi/lib/thumb/v7e-m/fpv4-sp/hard/libc_nano.a(lib_a-fflush.o)
                0x000000001fffd9c4                __sflush_r
 .text._fflush_r
                0x000000001fffdad0       0x54 /home/radipta/opt/gcc-arm-none-eabi-7-2017-q4-major/bin/../lib/gcc/arm-none-eabi/7.2.1/../../../../arm-none-eabi/lib/thumb/v7e-m/fpv4-sp/hard/libc_nano.a(lib_a-fflush.o)
                0x000000001fffdad0                _fflush_r
 .text.std      0x000000001fffdb24       0x48 /home/radipta/opt/gcc-arm-none-eabi-7-2017-q4-major/bin/../lib/gcc/arm-none-eabi/7.2.1/../../../../arm-none-eabi/lib/thumb/v7e-m/fpv4-sp/hard/libc_nano.a(lib_a-findfp.o)
 .text._cleanup_r
                0x000000001fffdb6c        0xc /home/radipta/opt/gcc-arm-none-eabi-7-2017-q4-major/bin/../lib/gcc/arm-none-eabi/7.2.1/../../../../arm-none-eabi/lib/thumb/v7e-m/fpv4-sp/hard/libc_nano.a(lib_a-findfp.o)
                0x000000001fffdb6c                _cleanup_r
 .text.__sfmoreglue
                0x000000001fffdb78       0x2c /home/radipta/opt/gcc-arm-none-eabi-7-2017-q4-major/bin/../lib/gcc/arm-none-eabi/7.2.1/../../../../arm-none-eabi/lib/thumb/v7e-m/fpv4-sp/hard/libc_nano.a(lib_a-findfp.o)
                0x000000001fffdb78                __sfmoreglue
 .text.__sinit  0x000000001fffdba4       0x60 /home/radipta/opt/gcc-arm-none-eabi-7-2017-q4-major/bin/../lib/gcc/arm-none-eabi/7.2.1/../../../../arm-none-eabi/lib/thumb/v7e-m/fpv4-sp/hard/libc_nano.a(lib_a-findfp.o)
                0x000000001fffdba4                __sinit
 .text.__sfp    0x000000001fffdc04       0x78 /home/radipta/opt/gcc-arm-none-eabi-7-2017-q4-major/bin/../lib/gcc/arm-none-eabi/7.2.1/../../../../arm-none-eabi/lib/thumb/v7e-m/fpv4-sp/hard/libc_nano.a(lib_a-findfp.o)
                0x000000001fffdc04                __sfp
 .text._fwalk_reent
                0x000000001fffdc7c       0x3c /home/radipta/opt/gcc-arm-none-eabi-7-2017-q4-major/bin/../lib/gcc/arm-none-eabi/7.2.1/../../../../arm-none-eabi/lib/thumb/v7e-m/fpv4-sp/hard/libc_nano.a(lib_a-fwalk.o)
                0x000000001fffdc7c                _fwalk_reent
 .text.__swhatbuf_r
                0x000000001fffdcb8       0x48 /home/radipta/opt/gcc-arm-none-eabi-7-2017-q4-major/bin/../lib/gcc/arm-none-eabi/7.2.1/../../../../arm-none-eabi/lib/thumb/v7e-m/fpv4-sp/hard/libc_nano.a(lib_a-makebuf.o)
                0x000000001fffdcb8                __swhatbuf_r
 .text.__smakebuf_r
                0x000000001fffdd00       0x80 /home/radipta/opt/gcc-arm-none-eabi-7-2017-q4-major/bin/../lib/gcc/arm-none-eabi/7.2.1/../../../../arm-none-eabi/lib/thumb/v7e-m/fpv4-sp/hard/libc_nano.a(lib_a-makebuf.o)
                0x000000001fffdd00                __smakebuf_r
 .text.__malloc_lock
                0x000000001fffdd80        0x2 /home/radipta/opt/gcc-arm-none-eabi-7-2017-q4-major/bin/../lib/gcc/arm-none-eabi/7.2.1/../../../../arm-none-eabi/lib/thumb/v7e-m/fpv4-sp/hard/libc_nano.a(lib_a-mlock.o)
                0x000000001fffdd80                __malloc_lock
 .text.__malloc_unlock
                0x000000001fffdd82        0x2 /home/radipta/opt/gcc-arm-none-eabi-7-2017-q4-major/bin/../lib/gcc/arm-none-eabi/7.2.1/../../../../arm-none-eabi/lib/thumb/v7e-m/fpv4-sp/hard/libc_nano.a(lib_a-mlock.o)
                0x000000001fffdd82                __malloc_unlock
 .text._raise_r
                0x000000001fffdd84       0x50 /home/radipta/opt/gcc-arm-none-eabi-7-2017-q4-major/bin/../lib/gcc/arm-none-eabi/7.2.1/../../../../arm-none-eabi/lib/thumb/v7e-m/fpv4-sp/hard/libc_nano.a(lib_a-signal.o)
                0x000000001fffdd84                _raise_r
 .text.raise    0x000000001fffddd4       0x10 /home/radipta/opt/gcc-arm-none-eabi-7-2017-q4-major/bin/../lib/gcc/arm-none-eabi/7.2.1/../../../../arm-none-eabi/lib/thumb/v7e-m/fpv4-sp/hard/libc_nano.a(lib_a-signal.o)
                0x000000001fffddd4                raise
 .text._kill_r  0x000000001fffdde4       0x24 /home/radipta/opt/gcc-arm-none-eabi-7-2017-q4-major/bin/../lib/gcc/arm-none-eabi/7.2.1/../../../../arm-none-eabi/lib/thumb/v7e-m/fpv4-sp/hard/libc_nano.a(lib_a-signalr.o)
                0x000000001fffdde4                _kill_r
 .text._getpid_r
                0x000000001fffde08        0x4 /home/radipta/opt/gcc-arm-none-eabi-7-2017-q4-major/bin/../lib/gcc/arm-none-eabi/7.2.1/../../../../arm-none-eabi/lib/thumb/v7e-m/fpv4-sp/hard/libc_nano.a(lib_a-signalr.o)
                0x000000001fffde08                _getpid_r
 .text.__sread  0x000000001fffde0c       0x22 /home/radipta/opt/gcc-arm-none-eabi-7-2017-q4-major/bin/../lib/gcc/arm-none-eabi/7.2.1/../../../../arm-none-eabi/lib/thumb/v7e-m/fpv4-sp/hard/libc_nano.a(lib_a-stdio.o)
                0x000000001fffde0c                __sread
 .text.__swrite
                0x000000001fffde2e       0x38 /home/radipta/opt/gcc-arm-none-eabi-7-2017-q4-major/bin/../lib/gcc/arm-none-eabi/7.2.1/../../../../arm-none-eabi/lib/thumb/v7e-m/fpv4-sp/hard/libc_nano.a(lib_a-stdio.o)
                0x000000001fffde2e                __swrite
 .text.__sseek  0x000000001fffde66       0x24 /home/radipta/opt/gcc-arm-none-eabi-7-2017-q4-major/bin/../lib/gcc/arm-none-eabi/7.2.1/../../../../arm-none-eabi/lib/thumb/v7e-m/fpv4-sp/hard/libc_nano.a(lib_a-stdio.o)
                0x000000001fffde66                __sseek
 .text.__sclose
                0x000000001fffde8a        0x8 /home/radipta/opt/gcc-arm-none-eabi-7-2017-q4-major/bin/../lib/gcc/arm-none-eabi/7.2.1/../../../../arm-none-eabi/lib/thumb/v7e-m/fpv4-sp/hard/libc_nano.a(lib_a-stdio.o)
                0x000000001fffde8a                __sclose
 *fill*         0x000000001fffde92        0x2 
 .text._write_r
                0x000000001fffde94       0x24 /home/radipta/opt/gcc-arm-none-eabi-7-2017-q4-major/bin/../lib/gcc/arm-none-eabi/7.2.1/../../../../arm-none-eabi/lib/thumb/v7e-m/fpv4-sp/hard/libc_nano.a(lib_a-writer.o)
                0x000000001fffde94                _write_r
 .text._close_r
                0x000000001fffdeb8       0x20 /home/radipta/opt/gcc-arm-none-eabi-7-2017-q4-major/bin/../lib/gcc/arm-none-eabi/7.2.1/../../../../arm-none-eabi/lib/thumb/v7e-m/fpv4-sp/hard/libc_nano.a(lib_a-closer.o)
                0x000000001fffdeb8                _close_r
 .text._fstat_r
                0x000000001fffded8       0x24 /home/radipta/opt/gcc-arm-none-eabi-7-2017-q4-major/bin/../lib/gcc/arm-none-eabi/7.2.1/../../../../arm-none-eabi/lib/thumb/v7e-m/fpv4-sp/hard/libc_nano.a(lib_a-fstatr.o)
                0x000000001fffded8                _fstat_r
 .text._isatty_r
                0x000000001fffdefc       0x20 /home/radipta/opt/gcc-arm-none-eabi-7-2017-q4-major/bin/../lib/gcc/arm-none-eabi/7.2.1/../../../../arm-none-eabi/lib/thumb/v7e-m/fpv4-sp/hard/libc_nano.a(lib_a-isattyr.o)
                0x000000001fffdefc                _isatty_r
 .text._lseek_r
                0x000000001fffdf1c       0x24 /home/radipta/opt/gcc-arm-none-eabi-7-2017-q4-major/bin/../lib/gcc/arm-none-eabi/7.2.1/../../../../arm-none-eabi/lib/thumb/v7e-m/fpv4-sp/hard/libc_nano.a(lib_a-lseekr.o)
                0x000000001fffdf1c                _lseek_r
 .text._read_r  0x000000001fffdf40       0x24 /home/radipta/opt/gcc-arm-none-eabi-7-2017-q4-major/bin/../lib/gcc/arm-none-eabi/7.2.1/../../../../arm-none-eabi/lib/thumb/v7e-m/fpv4-sp/hard/libc_nano.a(lib_a-readr.o)
                0x000000001fffdf40                _read_r
 .text._close   0x000000001fffdf64       0x10 /home/radipta/opt/gcc-arm-none-eabi-7-2017-q4-major/bin/../lib/gcc/arm-none-eabi/7.2.1/../../../../arm-none-eabi/lib/thumb/v7e-m/fpv4-sp/hard/libnosys.a(close.o)
                0x000000001fffdf64                _close
 .text._fstat   0x000000001fffdf74       0x10 /home/radipta/opt/gcc-arm-none-eabi-7-2017-q4-major/bin/../lib/gcc/arm-none-eabi/7.2.1/../../../../arm-none-eabi/lib/thumb/v7e-m/fpv4-sp/hard/libnosys.a(fstat.o)
                0x000000001fffdf74                _fstat
 .text._getpid  0x000000001fffdf84       0x10 /home/radipta/opt/gcc-arm-none-eabi-7-2017-q4-major/bin/../lib/gcc/arm-none-eabi/7.2.1/../../../../arm-none-eabi/lib/thumb/v7e-m/fpv4-sp/hard/libnosys.a(getpid.o)
                0x000000001fffdf84                _getpid
 .text._isatty  0x000000001fffdf94       0x10 /home/radipta/opt/gcc-arm-none-eabi-7-2017-q4-major/bin/../lib/gcc/arm-none-eabi/7.2.1/../../../../arm-none-eabi/lib/thumb/v7e-m/fpv4-sp/hard/libnosys.a(isatty.o)
                0x000000001fffdf94                _isatty
 .text._kill    0x000000001fffdfa4       0x10 /home/radipta/opt/gcc-arm-none-eabi-7-2017-q4-major/bin/../lib/gcc/arm-none-eabi/7.2.1/../../../../arm-none-eabi/lib/thumb/v7e-m/fpv4-sp/hard/libnosys.a(kill.o)
                0x000000001fffdfa4                _kill
 .text._lseek   0x000000001fffdfb4       0x10 /home/radipta/opt/gcc-arm-none-eabi-7-2017-q4-major/bin/../lib/gcc/arm-none-eabi/7.2.1/../../../../arm-none-eabi/lib/thumb/v7e-m/fpv4-sp/hard/libnosys.a(lseek.o)
                0x000000001fffdfb4                _lseek
 .text._sbrk    0x000000001fffdfc4       0x1c /home/radipta/opt/gcc-arm-none-eabi-7-2017-q4-major/bin/../lib/gcc/arm-none-eabi/7.2.1/../../../../arm-none-eabi/lib/thumb/v7e-m/fpv4-sp/hard/libnosys.a(sbrk.o)
                0x000000001fffdfc4                _sbrk
 .text._exit    0x000000001fffdfe0        0x4 /home/radipta/opt/gcc-arm-none-eabi-7-2017-q4-major/bin/../lib/gcc/arm-none-eabi/7.2.1/../../../../arm-none-eabi/lib/thumb/v7e-m/fpv4-sp/hard/libnosys.a(_exit.o)
                0x000000001fffdfe0                _exit
 *(.rodata)
 .rodata        0x000000001fffdfe4      0x140 CMakeFiles/blinking_imx_demo_epit.dir/home/radipta/workspace/FreeRTOS_BSP_1.0.1_iMX6SX/examples/imx6sx_ai_m4/demo_apps/blinking_imx_demo/Task1.c.obj
 .rodata        0x000000001fffe124       0x98 CMakeFiles/blinking_imx_demo_epit.dir/home/radipta/workspace/FreeRTOS_BSP_1.0.1_iMX6SX/rtos/FreeRTOS/Source/portable/MemMang/heap_tlsf.c.obj
 .rodata        0x000000001fffe1bc       0xe4 CMakeFiles/blinking_imx_demo_epit.dir/home/radipta/workspace/FreeRTOS_BSP_1.0.1_iMX6SX/rtos/FreeRTOS/Source/Semaphore_TLSF.c.obj
 .rodata        0x000000001fffe2a0       0xde CMakeFiles/blinking_imx_demo_epit.dir/home/radipta/workspace/FreeRTOS_BSP_1.0.1_iMX6SX/examples/imx6sx_ai_m4/demo_apps/blinking_imx_demo/main.c.obj
 *fill*         0x000000001fffe37e        0x2 
 .rodata        0x000000001fffe380       0xe1 CMakeFiles/blinking_imx_demo_epit.dir/home/radipta/workspace/FreeRTOS_BSP_1.0.1_iMX6SX/examples/imx6sx_ai_m4/demo_apps/blinking_imx_demo/epit_timer.c.obj
 *fill*         0x000000001fffe461        0x3 
 .rodata        0x000000001fffe464       0x5a CMakeFiles/blinking_imx_demo_epit.dir/home/radipta/workspace/FreeRTOS_BSP_1.0.1_iMX6SX/platform/drivers/src/epit.c.obj
 *fill*         0x000000001fffe4be        0x2 
 .rodata        0x000000001fffe4c0      0x156 CMakeFiles/blinking_imx_demo_epit.dir/home/radipta/workspace/FreeRTOS_BSP_1.0.1_iMX6SX/platform/drivers/src/uart_imx.c.obj
 *fill*         0x000000001fffe616        0x2 
 .rodata        0x000000001fffe618        0x5 CMakeFiles/blinking_imx_demo_epit.dir/home/radipta/workspace/FreeRTOS_BSP_1.0.1_iMX6SX/rtos/FreeRTOS/Source/tasks.c.obj
 *fill*         0x000000001fffe61d        0x3 
 .rodata        0x000000001fffe620        0xd CMakeFiles/blinking_imx_demo_epit.dir/home/radipta/workspace/FreeRTOS_BSP_1.0.1_iMX6SX/rtos/FreeRTOS/Source/timers.c.obj
 *fill*         0x000000001fffe62d        0x3 
 .rodata        0x000000001fffe630       0xb5 CMakeFiles/blinking_imx_demo_epit.dir/home/radipta/workspace/FreeRTOS_BSP_1.0.1_iMX6SX/examples/imx6sx_ai_m4/board.c.obj
 *fill*         0x000000001fffe6e5        0x3 
 .rodata        0x000000001fffe6e8       0x88 CMakeFiles/blinking_imx_demo_epit.dir/home/radipta/workspace/FreeRTOS_BSP_1.0.1_iMX6SX/examples/imx6sx_ai_m4/gpio_pins.c.obj
 *(.rodata*)
 .rodata.__func__.9622
                0x000000001fffe770       0x12 CMakeFiles/blinking_imx_demo_epit.dir/home/radipta/workspace/FreeRTOS_BSP_1.0.1_iMX6SX/examples/imx6sx_ai_m4/demo_apps/blinking_imx_demo/epit_timer.c.obj
 *fill*         0x000000001fffe782        0x2 
 .rodata.__func__.8773
                0x000000001fffe784        0xa CMakeFiles/blinking_imx_demo_epit.dir/home/radipta/workspace/FreeRTOS_BSP_1.0.1_iMX6SX/platform/drivers/src/epit.c.obj
 *fill*         0x000000001fffe78e        0x2 
 .rodata.__func__.8944
                0x000000001fffe790        0xa CMakeFiles/blinking_imx_demo_epit.dir/home/radipta/workspace/FreeRTOS_BSP_1.0.1_iMX6SX/platform/drivers/src/uart_imx.c.obj
 *fill*         0x000000001fffe79a        0x2 
 .rodata.__func__.9767
                0x000000001fffe79c       0x10 CMakeFiles/blinking_imx_demo_epit.dir/home/radipta/workspace/FreeRTOS_BSP_1.0.1_iMX6SX/examples/imx6sx_ai_m4/board.c.obj
 .rodata.__func__.8706
                0x000000001fffe7ac       0x13 CMakeFiles/blinking_imx_demo_epit.dir/home/radipta/workspace/FreeRTOS_BSP_1.0.1_iMX6SX/examples/imx6sx_ai_m4/gpio_pins.c.obj
 .rodata.__assert_func.str1.1
                0x000000001fffe7bf       0x3c /home/radipta/opt/gcc-arm-none-eabi-7-2017-q4-major/bin/../lib/gcc/arm-none-eabi/7.2.1/../../../../arm-none-eabi/lib/thumb/v7e-m/fpv4-sp/hard/libc_nano.a(lib_a-assert.o)
                                         0x3d (size before relaxing)
 *fill*         0x000000001fffe7fb        0x1 
 .rodata._global_impure_ptr
                0x000000001fffe7fc        0x4 /home/radipta/opt/gcc-arm-none-eabi-7-2017-q4-major/bin/../lib/gcc/arm-none-eabi/7.2.1/../../../../arm-none-eabi/lib/thumb/v7e-m/fpv4-sp/hard/libc_nano.a(lib_a-impure.o)
                0x000000001fffe7fc                _global_impure_ptr
 .rodata._vfprintf_r.str1.1
                0x000000001fffe800       0x11 /home/radipta/opt/gcc-arm-none-eabi-7-2017-q4-major/bin/../lib/gcc/arm-none-eabi/7.2.1/../../../../arm-none-eabi/lib/thumb/v7e-m/fpv4-sp/hard/libc_nano.a(lib_a-nano-vfprintf.o)
 .rodata._printf_i.str1.1
                0x000000001fffe811       0x22 /home/radipta/opt/gcc-arm-none-eabi-7-2017-q4-major/bin/../lib/gcc/arm-none-eabi/7.2.1/../../../../arm-none-eabi/lib/thumb/v7e-m/fpv4-sp/hard/libc_nano.a(lib_a-nano-vfprintf_i.o)
 *fill*         0x000000001fffe833        0x1 
 .rodata.__sf_fake_stderr
                0x000000001fffe834       0x20 /home/radipta/opt/gcc-arm-none-eabi-7-2017-q4-major/bin/../lib/gcc/arm-none-eabi/7.2.1/../../../../arm-none-eabi/lib/thumb/v7e-m/fpv4-sp/hard/libc_nano.a(lib_a-findfp.o)
                0x000000001fffe834                __sf_fake_stderr
 .rodata.__sf_fake_stdin
                0x000000001fffe854       0x20 /home/radipta/opt/gcc-arm-none-eabi-7-2017-q4-major/bin/../lib/gcc/arm-none-eabi/7.2.1/../../../../arm-none-eabi/lib/thumb/v7e-m/fpv4-sp/hard/libc_nano.a(lib_a-findfp.o)
                0x000000001fffe854                __sf_fake_stdin
 .rodata.__sf_fake_stdout
                0x000000001fffe874       0x20 /home/radipta/opt/gcc-arm-none-eabi-7-2017-q4-major/bin/../lib/gcc/arm-none-eabi/7.2.1/../../../../arm-none-eabi/lib/thumb/v7e-m/fpv4-sp/hard/libc_nano.a(lib_a-findfp.o)
                0x000000001fffe874                __sf_fake_stdout
 *(.glue_7)
 .glue_7        0x000000001fffe894        0x0 linker stubs
 *(.glue_7t)
 .glue_7t       0x000000001fffe894        0x0 linker stubs
 *(.eh_frame)
 .eh_frame      0x000000001fffe894        0x0 /home/radipta/opt/gcc-arm-none-eabi-7-2017-q4-major/bin/../lib/gcc/arm-none-eabi/7.2.1/thumb/v7e-m/fpv4-sp/hard/crtbegin.o
 *(.init)
 .init          0x000000001fffe894        0x4 /home/radipta/opt/gcc-arm-none-eabi-7-2017-q4-major/bin/../lib/gcc/arm-none-eabi/7.2.1/thumb/v7e-m/fpv4-sp/hard/crti.o
                0x000000001fffe894                _init
 .init          0x000000001fffe898        0x8 /home/radipta/opt/gcc-arm-none-eabi-7-2017-q4-major/bin/../lib/gcc/arm-none-eabi/7.2.1/thumb/v7e-m/fpv4-sp/hard/crtn.o
 *(.fini)
 .fini          0x000000001fffe8a0        0x4 /home/radipta/opt/gcc-arm-none-eabi-7-2017-q4-major/bin/../lib/gcc/arm-none-eabi/7.2.1/thumb/v7e-m/fpv4-sp/hard/crti.o
                0x000000001fffe8a0                _fini
 .fini          0x000000001fffe8a4        0x8 /home/radipta/opt/gcc-arm-none-eabi-7-2017-q4-major/bin/../lib/gcc/arm-none-eabi/7.2.1/thumb/v7e-m/fpv4-sp/hard/crtn.o
                0x000000001fffe8ac                . = ALIGN (0x4)

.vfp11_veneer   0x000000001fffe8ac        0x0
 .vfp11_veneer  0x000000001fffe8ac        0x0 linker stubs

.v4_bx          0x000000001fffe8ac        0x0
 .v4_bx         0x000000001fffe8ac        0x0 linker stubs

.iplt           0x000000001fffe8ac        0x0
 .iplt          0x000000001fffe8ac        0x0 /home/radipta/opt/gcc-arm-none-eabi-7-2017-q4-major/bin/../lib/gcc/arm-none-eabi/7.2.1/thumb/v7e-m/fpv4-sp/hard/crtbegin.o

.ARM.extab
 *(.ARM.extab* .gnu.linkonce.armextab.*)

.ARM            0x000000001fffe8ac        0x8
                0x000000001fffe8ac                __exidx_start = .
 *(.ARM.exidx*)
 .ARM.exidx     0x000000001fffe8ac        0x8 /home/radipta/opt/gcc-arm-none-eabi-7-2017-q4-major/bin/../lib/gcc/arm-none-eabi/7.2.1/../../../../arm-none-eabi/lib/thumb/v7e-m/fpv4-sp/hard/crt0.o
                0x000000001fffe8b4                __exidx_end = .

.rel.dyn        0x000000001fffe8b4        0x0
 .rel.iplt      0x000000001fffe8b4        0x0 /home/radipta/opt/gcc-arm-none-eabi-7-2017-q4-major/bin/../lib/gcc/arm-none-eabi/7.2.1/thumb/v7e-m/fpv4-sp/hard/crtbegin.o

.ctors          0x000000001fffe8b4        0x0
                0x000000001fffe8b4                __CTOR_LIST__ = .
 *crtbegin.o(.ctors)
 *crtbegin?.o(.ctors)
 *(EXCLUDE_FILE(*crtend.o *crtend?.o) .ctors)
 *(SORT_BY_NAME(.ctors.*))
 *(.ctors)
                0x000000001fffe8b4                __CTOR_END__ = .

.dtors          0x000000001fffe8b4        0x0
                0x000000001fffe8b4                __DTOR_LIST__ = .
 *crtbegin.o(.dtors)
 *crtbegin?.o(.dtors)
 *(EXCLUDE_FILE(*crtend.o *crtend?.o) .dtors)
 *(SORT_BY_NAME(.dtors.*))
 *(.dtors)
                0x000000001fffe8b4                __DTOR_END__ = .

.preinit_array  0x000000001fffe8b4        0x0
                0x000000001fffe8b4                PROVIDE (__preinit_array_start, .)
 *(.preinit_array*)
                0x000000001fffe8b4                PROVIDE (__preinit_array_end, .)

.init_array     0x000000001fffe8b4        0x4
                0x000000001fffe8b4                PROVIDE (__init_array_start, .)
 *(SORT_BY_NAME(.init_array.*))
 *(.init_array*)
 .init_array    0x000000001fffe8b4        0x4 /home/radipta/opt/gcc-arm-none-eabi-7-2017-q4-major/bin/../lib/gcc/arm-none-eabi/7.2.1/thumb/v7e-m/fpv4-sp/hard/crtbegin.o
                0x000000001fffe8b8                PROVIDE (__init_array_end, .)

.fini_array     0x000000001fffe8b8        0x4
                [!provide]                        PROVIDE (__fini_array_start, .)
 *(SORT_BY_NAME(.fini_array.*))
 *(.fini_array*)
 .fini_array    0x000000001fffe8b8        0x4 /home/radipta/opt/gcc-arm-none-eabi-7-2017-q4-major/bin/../lib/gcc/arm-none-eabi/7.2.1/thumb/v7e-m/fpv4-sp/hard/crtbegin.o
                [!provide]                        PROVIDE (__fini_array_end, .)
                0x000000001fffe8bc                __etext = .
                0x000000001fffe8bc                __DATA_ROM = .

.data           0x0000000020000000       0x88 load address 0x000000001fffe8bc
                0x0000000020000000                . = ALIGN (0x4)
                0x0000000020000000                __DATA_RAM = .
                0x0000000020000000                __data_start__ = .
 *(.data)
 *(.data*)
 .data.uxCriticalNesting
                0x0000000020000000        0x4 CMakeFiles/blinking_imx_demo_epit.dir/home/radipta/workspace/FreeRTOS_BSP_1.0.1_iMX6SX/rtos/FreeRTOS/Source/portable/GCC/ARM_CM4F/port.c.obj
 .data.xNextTaskUnblockTime
                0x0000000020000004        0x4 CMakeFiles/blinking_imx_demo_epit.dir/home/radipta/workspace/FreeRTOS_BSP_1.0.1_iMX6SX/rtos/FreeRTOS/Source/tasks.c.obj
 .data.gpioLed  0x0000000020000008       0x1c CMakeFiles/blinking_imx_demo_epit.dir/home/radipta/workspace/FreeRTOS_BSP_1.0.1_iMX6SX/examples/imx6sx_ai_m4/gpio_pins.c.obj
                0x0000000020000008                gpioLed
 .data._impure_ptr
                0x0000000020000024        0x4 /home/radipta/opt/gcc-arm-none-eabi-7-2017-q4-major/bin/../lib/gcc/arm-none-eabi/7.2.1/../../../../arm-none-eabi/lib/thumb/v7e-m/fpv4-sp/hard/libc_nano.a(lib_a-impure.o)
                0x0000000020000024                _impure_ptr
 .data.impure_data
                0x0000000020000028       0x60 /home/radipta/opt/gcc-arm-none-eabi-7-2017-q4-major/bin/../lib/gcc/arm-none-eabi/7.2.1/../../../../arm-none-eabi/lib/thumb/v7e-m/fpv4-sp/hard/libc_nano.a(lib_a-impure.o)
 *(.jcr*)
                0x0000000020000088                . = ALIGN (0x4)
                0x0000000020000088                __data_end__ = .
                0x000000001fffe944                __DATA_END = (__DATA_ROM + (__data_end__ - __data_start__))
                0x0000000020000000                text_end = (ORIGIN (m_text) + LENGTH (m_text))
                0x0000000000000001                ASSERT ((__DATA_END <= text_end), region m_text overflowed with text and data)

.igot.plt       0x0000000020000088        0x0 load address 0x000000001fffe944
 .igot.plt      0x0000000020000088        0x0 /home/radipta/opt/gcc-arm-none-eabi-7-2017-q4-major/bin/../lib/gcc/arm-none-eabi/7.2.1/thumb/v7e-m/fpv4-sp/hard/crtbegin.o

.bss            0x0000000020000088     0x21fc load address 0x000000001fffe944
                0x0000000020000088                . = ALIGN (0x4)
                0x0000000020000088                __START_BSS = .
                0x0000000020000088                __bss_start__ = .
 *(.bss)
 .bss           0x0000000020000088       0x1c /home/radipta/opt/gcc-arm-none-eabi-7-2017-q4-major/bin/../lib/gcc/arm-none-eabi/7.2.1/thumb/v7e-m/fpv4-sp/hard/crtbegin.o
 *(.bss*)
 .bss.ucMaxSysCallPriority
                0x00000000200000a4        0x1 CMakeFiles/blinking_imx_demo_epit.dir/home/radipta/workspace/FreeRTOS_BSP_1.0.1_iMX6SX/rtos/FreeRTOS/Source/portable/GCC/ARM_CM4F/port.c.obj
 *fill*         0x00000000200000a5        0x3 
 .bss.ulMaxPRIGROUPValue
                0x00000000200000a8        0x4 CMakeFiles/blinking_imx_demo_epit.dir/home/radipta/workspace/FreeRTOS_BSP_1.0.1_iMX6SX/rtos/FreeRTOS/Source/portable/GCC/ARM_CM4F/port.c.obj
 .bss.sem1      0x00000000200000ac       0x38 CMakeFiles/blinking_imx_demo_epit.dir/home/radipta/workspace/FreeRTOS_BSP_1.0.1_iMX6SX/examples/imx6sx_ai_m4/demo_apps/blinking_imx_demo/Task1.c.obj
                0x00000000200000ac                sem1
 .bss.ucHeap2   0x00000000200000e4     0x2000 CMakeFiles/blinking_imx_demo_epit.dir/home/radipta/workspace/FreeRTOS_BSP_1.0.1_iMX6SX/rtos/FreeRTOS/Source/portable/MemMang/heap_tlsf.c.obj
 .bss.Heap_Begin
                0x00000000200020e4        0x4 CMakeFiles/blinking_imx_demo_epit.dir/home/radipta/workspace/FreeRTOS_BSP_1.0.1_iMX6SX/rtos/FreeRTOS/Source/portable/MemMang/heap_tlsf.c.obj
 .bss.xSemaphore
                0x00000000200020e8        0x4 CMakeFiles/blinking_imx_demo_epit.dir/home/radipta/workspace/FreeRTOS_BSP_1.0.1_iMX6SX/examples/imx6sx_ai_m4/demo_apps/blinking_imx_demo/epit_timer.c.obj
 .bss.xSemaphore
                0x00000000200020ec        0x4 CMakeFiles/blinking_imx_demo_epit.dir/home/radipta/workspace/FreeRTOS_BSP_1.0.1_iMX6SX/examples/imx6sx_ai_m4/demo_apps/blinking_imx_demo/gpio_ctrl.c.obj
 .bss.xQueueRegistry
                0x00000000200020f0       0x40 CMakeFiles/blinking_imx_demo_epit.dir/home/radipta/workspace/FreeRTOS_BSP_1.0.1_iMX6SX/rtos/FreeRTOS/Source/queue.c.obj
                0x00000000200020f0                xQueueRegistry
 .bss.pxCurrentTCB
                0x0000000020002130        0x4 CMakeFiles/blinking_imx_demo_epit.dir/home/radipta/workspace/FreeRTOS_BSP_1.0.1_iMX6SX/rtos/FreeRTOS/Source/tasks.c.obj
                0x0000000020002130                pxCurrentTCB
 .bss.pxReadyTasksLists
                0x0000000020002134       0x64 CMakeFiles/blinking_imx_demo_epit.dir/home/radipta/workspace/FreeRTOS_BSP_1.0.1_iMX6SX/rtos/FreeRTOS/Source/tasks.c.obj
 .bss.xDelayedTaskList1
                0x0000000020002198       0x14 CMakeFiles/blinking_imx_demo_epit.dir/home/radipta/workspace/FreeRTOS_BSP_1.0.1_iMX6SX/rtos/FreeRTOS/Source/tasks.c.obj
 .bss.xDelayedTaskList2
                0x00000000200021ac       0x14 CMakeFiles/blinking_imx_demo_epit.dir/home/radipta/workspace/FreeRTOS_BSP_1.0.1_iMX6SX/rtos/FreeRTOS/Source/tasks.c.obj
 .bss.pxDelayedTaskList
                0x00000000200021c0        0x4 CMakeFiles/blinking_imx_demo_epit.dir/home/radipta/workspace/FreeRTOS_BSP_1.0.1_iMX6SX/rtos/FreeRTOS/Source/tasks.c.obj
 .bss.pxOverflowDelayedTaskList
                0x00000000200021c4        0x4 CMakeFiles/blinking_imx_demo_epit.dir/home/radipta/workspace/FreeRTOS_BSP_1.0.1_iMX6SX/rtos/FreeRTOS/Source/tasks.c.obj
 .bss.xPendingReadyList
                0x00000000200021c8       0x14 CMakeFiles/blinking_imx_demo_epit.dir/home/radipta/workspace/FreeRTOS_BSP_1.0.1_iMX6SX/rtos/FreeRTOS/Source/tasks.c.obj
 .bss.xTasksWaitingTermination
                0x00000000200021dc       0x14 CMakeFiles/blinking_imx_demo_epit.dir/home/radipta/workspace/FreeRTOS_BSP_1.0.1_iMX6SX/rtos/FreeRTOS/Source/tasks.c.obj
 .bss.uxTasksDeleted
                0x00000000200021f0        0x4 CMakeFiles/blinking_imx_demo_epit.dir/home/radipta/workspace/FreeRTOS_BSP_1.0.1_iMX6SX/rtos/FreeRTOS/Source/tasks.c.obj
 .bss.xSuspendedTaskList
                0x00000000200021f4       0x14 CMakeFiles/blinking_imx_demo_epit.dir/home/radipta/workspace/FreeRTOS_BSP_1.0.1_iMX6SX/rtos/FreeRTOS/Source/tasks.c.obj
 .bss.uxCurrentNumberOfTasks
                0x0000000020002208        0x4 CMakeFiles/blinking_imx_demo_epit.dir/home/radipta/workspace/FreeRTOS_BSP_1.0.1_iMX6SX/rtos/FreeRTOS/Source/tasks.c.obj
 .bss.xTickCount
                0x000000002000220c        0x4 CMakeFiles/blinking_imx_demo_epit.dir/home/radipta/workspace/FreeRTOS_BSP_1.0.1_iMX6SX/rtos/FreeRTOS/Source/tasks.c.obj
 .bss.uxTopReadyPriority
                0x0000000020002210        0x4 CMakeFiles/blinking_imx_demo_epit.dir/home/radipta/workspace/FreeRTOS_BSP_1.0.1_iMX6SX/rtos/FreeRTOS/Source/tasks.c.obj
 .bss.xSchedulerRunning
                0x0000000020002214        0x4 CMakeFiles/blinking_imx_demo_epit.dir/home/radipta/workspace/FreeRTOS_BSP_1.0.1_iMX6SX/rtos/FreeRTOS/Source/tasks.c.obj
 .bss.uxPendedTicks
                0x0000000020002218        0x4 CMakeFiles/blinking_imx_demo_epit.dir/home/radipta/workspace/FreeRTOS_BSP_1.0.1_iMX6SX/rtos/FreeRTOS/Source/tasks.c.obj
 .bss.xYieldPending
                0x000000002000221c        0x4 CMakeFiles/blinking_imx_demo_epit.dir/home/radipta/workspace/FreeRTOS_BSP_1.0.1_iMX6SX/rtos/FreeRTOS/Source/tasks.c.obj
 .bss.xNumOfOverflows
                0x0000000020002220        0x4 CMakeFiles/blinking_imx_demo_epit.dir/home/radipta/workspace/FreeRTOS_BSP_1.0.1_iMX6SX/rtos/FreeRTOS/Source/tasks.c.obj
 .bss.uxTaskNumber
                0x0000000020002224        0x4 CMakeFiles/blinking_imx_demo_epit.dir/home/radipta/workspace/FreeRTOS_BSP_1.0.1_iMX6SX/rtos/FreeRTOS/Source/tasks.c.obj
 .bss.uxSchedulerSuspended
                0x0000000020002228        0x4 CMakeFiles/blinking_imx_demo_epit.dir/home/radipta/workspace/FreeRTOS_BSP_1.0.1_iMX6SX/rtos/FreeRTOS/Source/tasks.c.obj
 .bss.xActiveTimerList1
                0x000000002000222c       0x14 CMakeFiles/blinking_imx_demo_epit.dir/home/radipta/workspace/FreeRTOS_BSP_1.0.1_iMX6SX/rtos/FreeRTOS/Source/timers.c.obj
 .bss.xActiveTimerList2
                0x0000000020002240       0x14 CMakeFiles/blinking_imx_demo_epit.dir/home/radipta/workspace/FreeRTOS_BSP_1.0.1_iMX6SX/rtos/FreeRTOS/Source/timers.c.obj
 .bss.pxCurrentTimerList
                0x0000000020002254        0x4 CMakeFiles/blinking_imx_demo_epit.dir/home/radipta/workspace/FreeRTOS_BSP_1.0.1_iMX6SX/rtos/FreeRTOS/Source/timers.c.obj
 .bss.pxOverflowTimerList
                0x0000000020002258        0x4 CMakeFiles/blinking_imx_demo_epit.dir/home/radipta/workspace/FreeRTOS_BSP_1.0.1_iMX6SX/rtos/FreeRTOS/Source/timers.c.obj
 .bss.xTimerQueue
                0x000000002000225c        0x4 CMakeFiles/blinking_imx_demo_epit.dir/home/radipta/workspace/FreeRTOS_BSP_1.0.1_iMX6SX/rtos/FreeRTOS/Source/timers.c.obj
 .bss.xLastTime.9844
                0x0000000020002260        0x4 CMakeFiles/blinking_imx_demo_epit.dir/home/radipta/workspace/FreeRTOS_BSP_1.0.1_iMX6SX/rtos/FreeRTOS/Source/timers.c.obj
 .bss.s_debugConsole
                0x0000000020002264       0x10 CMakeFiles/blinking_imx_demo_epit.dir/home/radipta/workspace/FreeRTOS_BSP_1.0.1_iMX6SX/platform/utilities/src/debug_console_imx.c.obj
 .bss.__malloc_free_list
                0x0000000020002274        0x4 /home/radipta/opt/gcc-arm-none-eabi-7-2017-q4-major/bin/../lib/gcc/arm-none-eabi/7.2.1/../../../../arm-none-eabi/lib/thumb/v7e-m/fpv4-sp/hard/libc_nano.a(lib_a-nano-mallocr.o)
                0x0000000020002274                __malloc_free_list
 .bss.__malloc_sbrk_start
                0x0000000020002278        0x4 /home/radipta/opt/gcc-arm-none-eabi-7-2017-q4-major/bin/../lib/gcc/arm-none-eabi/7.2.1/../../../../arm-none-eabi/lib/thumb/v7e-m/fpv4-sp/hard/libc_nano.a(lib_a-nano-mallocr.o)
                0x0000000020002278                __malloc_sbrk_start
 .bss.heap_end.5377
                0x000000002000227c        0x4 /home/radipta/opt/gcc-arm-none-eabi-7-2017-q4-major/bin/../lib/gcc/arm-none-eabi/7.2.1/../../../../arm-none-eabi/lib/thumb/v7e-m/fpv4-sp/hard/libnosys.a(sbrk.o)
 *(COMMON)
 COMMON         0x0000000020002280        0x4 /home/radipta/opt/gcc-arm-none-eabi-7-2017-q4-major/bin/../lib/gcc/arm-none-eabi/7.2.1/../../../../arm-none-eabi/lib/thumb/v7e-m/fpv4-sp/hard/libc_nano.a(lib_a-reent.o)
                0x0000000020002280                errno
                0x0000000020002284                . = ALIGN (0x4)
                0x0000000020002284                __bss_end__ = .
                0x0000000020002284                __END_BSS = .

.heap           0x0000000020002284      0x404 load address 0x0000000020000b40
                0x0000000020002288                . = ALIGN (0x8)
 *fill*         0x0000000020002284        0x4 
                0x0000000020002288                __end__ = .
                0x0000000020002288                PROVIDE (end, .)
                0x0000000020002288                __HeapBase = .
                0x0000000020002688                . = (. + HEAP_SIZE)
 *fill*         0x0000000020002288      0x400 
                0x0000000020002688                __HeapLimit = .

.stack          0x0000000020002688      0x400 load address 0x0000000020000f44
                0x0000000020002688                . = ALIGN (0x8)
                0x0000000020002a88                . = (. + STACK_SIZE)
 *fill*         0x0000000020002688      0x400 
                0x0000000020008000                __StackTop = (ORIGIN (m_data) + LENGTH (m_data))
                0x0000000020007c00                __StackLimit = (__StackTop - STACK_SIZE)
                0x0000000020008000                PROVIDE (__stack, __StackTop)

.ARM.attributes
                0x0000000000000000       0x30
 *(.ARM.attributes)
 .ARM.attributes
                0x0000000000000000       0x22 /home/radipta/opt/gcc-arm-none-eabi-7-2017-q4-major/bin/../lib/gcc/arm-none-eabi/7.2.1/thumb/v7e-m/fpv4-sp/hard/crti.o
 .ARM.attributes
                0x0000000000000022       0x34 /home/radipta/opt/gcc-arm-none-eabi-7-2017-q4-major/bin/../lib/gcc/arm-none-eabi/7.2.1/thumb/v7e-m/fpv4-sp/hard/crtbegin.o
 .ARM.attributes
                0x0000000000000056       0x20 /home/radipta/opt/gcc-arm-none-eabi-7-2017-q4-major/bin/../lib/gcc/arm-none-eabi/7.2.1/../../../../arm-none-eabi/lib/thumb/v7e-m/fpv4-sp/hard/crt0.o
 .ARM.attributes
                0x0000000000000076       0x39 CMakeFiles/blinking_imx_demo_epit.dir/home/radipta/workspace/FreeRTOS_BSP_1.0.1_iMX6SX/rtos/FreeRTOS/Source/portable/GCC/ARM_CM4F/port.c.obj
 .ARM.attributes
                0x00000000000000af       0x1f CMakeFiles/blinking_imx_demo_epit.dir/home/radipta/workspace/FreeRTOS_BSP_1.0.1_iMX6SX/platform/devices/MCIMX6X/startup/gcc/startup_MCIMX6X_M4.S.obj
 .ARM.attributes
                0x00000000000000ce       0x39 CMakeFiles/blinking_imx_demo_epit.dir/home/radipta/workspace/FreeRTOS_BSP_1.0.1_iMX6SX/examples/imx6sx_ai_m4/demo_apps/blinking_imx_demo/Task1.c.obj
 .ARM.attributes
                0x0000000000000107       0x39 CMakeFiles/blinking_imx_demo_epit.dir/home/radipta/workspace/FreeRTOS_BSP_1.0.1_iMX6SX/rtos/FreeRTOS/Source/portable/MemMang/heap_tlsf.c.obj
 .ARM.attributes
                0x0000000000000140       0x39 CMakeFiles/blinking_imx_demo_epit.dir/home/radipta/workspace/FreeRTOS_BSP_1.0.1_iMX6SX/rtos/FreeRTOS/Source/portable/MemMang/heap_3.c.obj
 .ARM.attributes
                0x0000000000000179       0x39 CMakeFiles/blinking_imx_demo_epit.dir/home/radipta/workspace/FreeRTOS_BSP_1.0.1_iMX6SX/rtos/FreeRTOS/Source/Semaphore_TLSF.c.obj
 .ARM.attributes
                0x00000000000001b2       0x39 CMakeFiles/blinking_imx_demo_epit.dir/home/radipta/workspace/FreeRTOS_BSP_1.0.1_iMX6SX/examples/imx6sx_ai_m4/demo_apps/blinking_imx_demo/main.c.obj
 .ARM.attributes
                0x00000000000001eb       0x39 CMakeFiles/blinking_imx_demo_epit.dir/home/radipta/workspace/FreeRTOS_BSP_1.0.1_iMX6SX/examples/imx6sx_ai_m4/demo_apps/blinking_imx_demo/epit_timer.c.obj
 .ARM.attributes
                0x0000000000000224       0x39 CMakeFiles/blinking_imx_demo_epit.dir/home/radipta/workspace/FreeRTOS_BSP_1.0.1_iMX6SX/examples/imx6sx_ai_m4/demo_apps/blinking_imx_demo/gpio_ctrl.c.obj
 .ARM.attributes
                0x000000000000025d       0x39 CMakeFiles/blinking_imx_demo_epit.dir/home/radipta/workspace/FreeRTOS_BSP_1.0.1_iMX6SX/platform/drivers/src/gpio_imx.c.obj
 .ARM.attributes
                0x0000000000000296       0x39 CMakeFiles/blinking_imx_demo_epit.dir/home/radipta/workspace/FreeRTOS_BSP_1.0.1_iMX6SX/platform/drivers/src/epit.c.obj
 .ARM.attributes
                0x00000000000002cf       0x39 CMakeFiles/blinking_imx_demo_epit.dir/home/radipta/workspace/FreeRTOS_BSP_1.0.1_iMX6SX/platform/drivers/src/rdc_semaphore.c.obj
 .ARM.attributes
                0x0000000000000308       0x39 CMakeFiles/blinking_imx_demo_epit.dir/home/radipta/workspace/FreeRTOS_BSP_1.0.1_iMX6SX/platform/drivers/src/uart_imx.c.obj
 .ARM.attributes
                0x0000000000000341       0x39 CMakeFiles/blinking_imx_demo_epit.dir/home/radipta/workspace/FreeRTOS_BSP_1.0.1_iMX6SX/rtos/FreeRTOS/Source/list.c.obj
 .ARM.attributes
                0x000000000000037a       0x39 CMakeFiles/blinking_imx_demo_epit.dir/home/radipta/workspace/FreeRTOS_BSP_1.0.1_iMX6SX/rtos/FreeRTOS/Source/queue.c.obj
 .ARM.attributes
                0x00000000000003b3       0x39 CMakeFiles/blinking_imx_demo_epit.dir/home/radipta/workspace/FreeRTOS_BSP_1.0.1_iMX6SX/rtos/FreeRTOS/Source/tasks.c.obj
 .ARM.attributes
                0x00000000000003ec       0x39 CMakeFiles/blinking_imx_demo_epit.dir/home/radipta/workspace/FreeRTOS_BSP_1.0.1_iMX6SX/rtos/FreeRTOS/Source/timers.c.obj
 .ARM.attributes
                0x0000000000000425       0x39 CMakeFiles/blinking_imx_demo_epit.dir/home/radipta/workspace/FreeRTOS_BSP_1.0.1_iMX6SX/platform/utilities/src/debug_console_imx.c.obj
 .ARM.attributes
                0x000000000000045e       0x39 CMakeFiles/blinking_imx_demo_epit.dir/home/radipta/workspace/FreeRTOS_BSP_1.0.1_iMX6SX/platform/utilities/src/print_scan.c.obj
 .ARM.attributes
                0x0000000000000497       0x39 CMakeFiles/blinking_imx_demo_epit.dir/home/radipta/workspace/FreeRTOS_BSP_1.0.1_iMX6SX/platform/devices/MCIMX6X/startup/system_MCIMX6X_M4.c.obj
 .ARM.attributes